{
    "mixed single-end mini sample output should match snapshot": {
        "content": [
            [
                "+",
                "+",
                "+",
                "+",
                "+",
                "+",
                "+",
                "+",
                "+",
                "+",
                "+",
                "+",
                "+",
                "+",
                "+",
                "+",
                "+",
                "+",
                "+",
                "+",
                "+",
                "+",
                "+",
                "+",
                "+",
                "+",
                "+",
                "+",
                "+",
                "+",
                "+",
                "+",
                "+",
                "+",
                "+",
                "+",
                "+",
                "+",
                "+",
                "+",
                "+",
                "+",
                "+",
                "+",
                "+",
                "+",
                "+",
                "+",
                "+",
                "+",
                "+",
                "+",
                "+",
                "+",
                "+",
                "+",
                "+",
                "+",
                "+",
                "+",
                "+",
                "+",
                "+",
                "+",
                "+",
                "+",
                "+",
                "+",
                "+",
                "+",
                "+",
                "+",
                "+",
                "+",
                "+",
                "+",
                "+",
                "+",
                "+",
                "+",
                "+",
                "+",
                "+",
                "+",
                "+",
                "+",
                "+",
                "+",
                "+",
                "+",
                "+",
                "+",
                "+",
                "+",
                "+",
                "+",
                "+",
                "+",
                "+",
                "+",
                "+",
                "+",
                "+",
                "+",
                "+",
                "+",
                "+",
                "+",
                "+",
                "+",
                "+",
                "+",
                "+",
                "+",
                "+",
                "+",
                "+",
                "+",
                "+",
                "+",
                "+",
                "+",
                "+",
                "+",
                "+",
                "333AB=EGGE=CGDGGGGGGGGGGEGGG:FGGGGGGCGDDGGGD1CFDEEE<E1FFCDFGCGGBGCFGGGC//?CDDGGGAC0;CC:DBGGGEGGGGG@//CDEG@DGGG=@<EGGGEGGGGEGG",
                "33<A0E>DGGGGGGGGGGGGGGGGGGGCGG@>CFDGGGGCGF1C>DGGGGDGGEGGGGGEFGGDFFGDCB1F@FFGGEG:FF>GCFGGGG@8EFGG0FGGEDGGCGGFGGFCFGGGGGEGCCGGG",
                "33<AAFGGGGGGGGGGGGGGGGGGGGGGGGGGGGEGGGGGGGGGGDGGGGGGGGGGGGGGGGGGGGGGGGGGGGGGGGGGGGGGGGG;GGGGGGGGGGGBGGGGGGGG.EGGGGGGEGDEDDGGG",
                "33<AB@GFGGGGGGGGGGGGGGGGEFGGGGGGGFGGGGGGGGFGGGGGGD>BGGFGGGGGGGGGGGGGGGGEGGGGGGGGGGGGGFGEGGGGGGGGGGGBG.FGGGGGGGGGGGGGGGGGBGGGG",
                "33<ABBFGGGGGEGGGGGGGGGGGGGGGGGGGGGGGGGGGGGGGGGGGGGGGEGGEGGGGGF1EGGGG@GGGGGGFGDGGGGGGGEGGGGGGGGGGG@GGEGGGGGGGGGGGGGGGGEGCG/DEG",
                "33>BBGGGGGGGBGEEGGGGGGGEGGGGGGGDDCGFFGGGCEGGEGEEGGGGGGGGGGGGGD<>CBEGG0@GGG/ED@FE=CFGGGGGGGA@GDDD>DDAG9EG@GGGG7DGG//EC7/CGDB/C",
                "33?B?EFFGG<<EG9FGGGDGGFGFGGDGGFG>GGG@GCGGGAFGGGCGGGG>E9EBB<FGGFDG>D@GGD>C<DEBDC?GCG//9EAGCGGG;GGGCEGGGGGGGGGDGG/EGGGGGC6CGG/8",
                "33A<AFGGGGGGGGGGGG>>FGDGGGG@DGGGGGEGDGGGEGGGGGAFGFCGGGCF@GG>GGGGGFB<FDGGFGGGGCGCGG>CGEGFDGGGGGEGGGGEBGGGGGGGGGGGGGEGDFB8FCDAG",
                "33ABCEDEGGGGGGGGGGGGGGGGGGGGGCDGGGGGGGGGGGGGGGGGGGGGGGGGGGGGGGBGGGGGGGGGGGGGGGGGGGEGGGGGEGGGGGGEGGGGGGGGGGGGEGGGGGGGGGGGGGGGA",
                "3:>BBDF>C>D1>F>FC@GEBF>D>FBGCGDDG:FBCCF@FEF:FFEC>DGGCFFGGGE>1:CGGGGE1FGGGGGE1FGGGGCGGGEGG<>C>@FFGA//9FGGGG>FCC@FBGCG.CGEGGCGG",
                "3:A@BDGGGGGGGGGGGGGGGGGGGGGGGGGGGGGGGGGGGGGGGGGGGGGGGGGGGGGGGGGGGGGGGGGGGGGGGGGGGGGGGGGGGGGGDGGGGEGGEGGGGGEGGGGGGGGGBGGGGG>AG",
                "3<3A@EGGDFGEGEEGGGBBGG@GGG<:FFGG@:FGGGGGGGGGGDGAGC:>FGGC9FGGGGGGGGGFGGGGGGGFCDGGG=DGGG@EGGEGGEDG@EBGGDGGG/7DE/8CD.CGGG.8C.CD>",
                "3<<@A>EDFGGGGGGGGGGGGGGGGGGGGGGGGFFGGGGGGGGGGGGGGGGGGGGGGGGGGGGGGGGGGGGGFGF>F<FDGGGG@GGGGFGGGGGGGDGGG<CGGGGB;AGCGDGGGGGBC.8@G",
                "3>>ABGGGGGGGGGGGGGGGGGGGGGGDFGBGGGGGEFGGGGGGGGGGGGGGGGGGGGGGGGGGGEGGGGGGGGGGGGGGGGGGGGGGGGGGGGGGGGGGDDA>GGCE=FDDGGGGGGGD/DGGG",
                "3>ABBGGGGGGGGGGGGGGGGGGGGGGGGGGGGGGGGGGGGGGGGGGGGGGGGGGGGGGGGGGGGGG0?FFGGGGGGGGGGGGGGGGGGGGGGGGGDGGGGGGGGGGGGGGGGGGGGGGGGGGGG",
                "3>BB?FEGGFGGED>GGGGGCGGGGEBFFFCFFEGGGGGECGE>EBFGGGGCGGGF>EBDGGGGGGGGGGGGGGDBCGGGGG@GG@GGGEGGGBD>FGGCDGGGDDADDGG<CG@DDEGGGGGGG",
                "3>BBBFGGGGGGGGGGGEGGGGGGGGGGGGGGGGGGGEGFGGGGGGGGGGGGGGGGGGGGGGGGGGGGGGGGEGGGGGGGGEG>EGGGGGBDGGGGGGGFGGGGGGGGGGGGGFGGGGGGD@EGG",
                "3>BBBGEEGGGGGGGGGGGGGFG@GGGG@GGGGGGGGGGGGGGGGGGGGGDGGGG>GGGGGGGGGGGGGGGGGGGGGGGGGGGGGGGBGGGGGDDGCGGGGGGGGGGGGGGGEGGGGGGGGGGBG",
                "3@BBBGFGGGGGGGGGAGFGGGGGEGGGGGGGGGGGGGGGGGGGGGGGGGGGEGGFC:FGEGGGGGFGGGGGGGGGGGGGGGGGGGGGGGGGGEGGGGGGEEGGEBGGB<DGGGGG@GDGGG.CB",
                "3@BBBGGGGGGGGGGGGGGGFGGGGGGGGGGGGGGGGGGGGGGGGGGGGGGGGGGGGGGGGGGGFGGGGGGGGGGGGGGGGGGGGGGGGGGGGGGGGGGGGGGGGGGGGGGGGGGGGGGGGGGGG",
                "3@BBBGGGGGGGGGGGGGGGGGGGGGGGGGCGGGGGGGGGGGGGGGGGGGGGGGGAGGGGGGGGGGGGGGGGGGGGGGGGGGGGGGGGGGGGGGGGGGGGGGGGGGBDGGGGGGGGGGGGGGDGG",
                "3@BBBGGGGGGGGGGGGGGGGGGGGGGGGGGGGGGGGGGGGGGGGFGGGGGGGGGGGGGGGGGGGGGGGGGG/CEGEGEGDGDGDEG@GGGGGGGGGGGDEGGGGGGEGGGG:GBGGGGGGGGEG",
                "3@BBCGGGGGG/EGGGGGGGGGGGEGGGGGGGGGGGGGGGGGGGGGGGGFGGGGGGGGGGGGGGGGGGGGGGFGGGGGGGGGGGGGGGGGGGGGGGGGGGGGGGGGGGGGGGGGGGGGGGGGGGC",
                ":3AB0@CDF>FCBDGGGFGGGGGFCGEF@FCGG@@>FCGGGGGGGGGEDG>BFGFGGGGFGGGGGGGFGGGDGGGGFGGGEGGGGBF=F@:FFGGGEC@GGGCFGGCDGGGEFGGG@C>BFGFGG",
                ":::BBGGGFGGGGGGGGGGGGGGGGGGGGGGGGGGGGGGGGGGGGGGGGGGGGGGGGGGGGGGGGGGGGGGGGGGGGGGGGGGGGGGGGGGGGGGGGGGGGGGGGGGGGGGGGGGGGGGFGDGGG",
                "::@BAEEGGEGGGGGGGGGGGGGGGGGGGGGGGGGGGGGGGGGGGGGGGGGGGGGGGGGGGGGGGGGEGGGCGGGGGGGGGGGGGGGGGGGGGGGGGGGGGGGDGGDGGGG>CGGAGGGGGGGGG",
                "::@BBGGGGGGGGGGGGGGGGGGGGGGGGGEGGGGGGGGGGGGGGGGGGGGGGGGGGGGGGGGGGFGGGGGGGGGGGGGGGGGGGCCGGGGGCCGGFGGGGGGGGGGGGDCGGGGDGGGGDGGGG",
                ":<3A0>CFGGGGE@GGGGGGGDDEGGGEFDGGGGGEGGCGGGEGGGGGGGGBGGGGGGGGFEFGGGFGGGGGGGGGGGGGGGGGGGFGGGGGGGGFGG0DGGGGGGGGGGGGGGGGCGG@C.88D",
                ":<@BBGGGGGGGGGGGGGGGGGGGGGGGGGGGGGGGGGGGGGGGGGGGGGGGGGGGGGGGGGGGGGGGGGGGGGGGGFGGGGGGGGGGGGGGGGGGGGGGGGGGGGGGGGGGGGGGGGFGGGGGG",
                ":>BB@GGGG1C@FGGGGGGGGGC>C<GGGGGECFGGGGGGCGFBFFGCGGGDGGGGGGGGGGGGGGGG?FBGGGGGGGGGGGGABGGGBGEGGGGE0FGB?CGGGGGGGGGG@GEBEGGD8CDB",
                ":@AAADFGGGEGGGGGGGGGGGGGGGGGGGGGGGGGGGGGGGGGGGGGGGGGBFGGGGGGGGGGGGGGGGGGGGGGGGGACGGGGGGGGGGGGGGGGGGGGGGGCAGGGGGGGDDACGEGEGEED",
                ":@BABGCGGGGGGFGGGGGGGGGGGEGGGGGGGGGGGGGGGGGGGGGGGGGGGGGGGDFGGGGGGGFGGGGGGGGGGGGGGGGGG=GGGGDGGGGGDGGGGGGGGGG@/DDGGEGGGGGGGGGGG",
                "<33<:FC>BGGG>@CBG<EGDFCGEDFEDBBEDE<B:BFD<B@FGGCGGGGG1FGG11E>GBG>0CCCFCB@FGDGC9FCGDBFDFG0FD@DGGGFEA8DGDGGGG.CDBDGDGG:6C.DE=GGE",
                "=3:A=EFGGGGGGGGGGGGGGGGGGGGGGGGGGGGG<FEGGGGGGGGGEGGGGGEGGGGGGGEGGGGGGGGGGGGGGGG@GGGGGGGGGGGGGFBGGFGGGGGGGGGBGGGGGEGGGBGGGGEDE",
                "=>=BBGFGGGGGGGGGGGGGGGGEGDGGGGGGGGGGGGGGGGGGGGGGGGGGGGGGFCGGGGGGGDGGGGGDDG=CEGG=DGGGGGGGGGGGGGGGGGGGGDEGGGGGGBGGGGEGGGGGGGDGC",
                "=@ABBG>DDFEGGCG1C@EEGGGGGGGGGGEGG/CCD@@FGGCGGGGGGEGF>BC:FFGDECG<BDEFEGGGGEGGEGGGGGGGGGGGGGAFDGGGGGGDFGGGGGGEGGGGGGGBCEG=EGEGG",
                "=@B@B<GGGGGGGEGGGGGGGGGGGGGGGGGGGGGGGGGGGGGGGGGGGGGGGGGGGGGGGGGGGGGGGGG>GGGGGGGGGGGGGGGGGGGGGGGGGGGGGGGGEGGGGGGGGGGGFGGGFGEGG",
                "=@BABGGGGGGGGGGGGGGGGGGGFGGGGCBGCCGGGGFGGGGGGGEGCGGGGGGGGGGGEGGGGGGGBGGGGGDGGGGFGGGGGGGGG<EBGGGFGGFGGGGGGGGDGEGGBEGGGDGGGEGGE",
                "=@BBBFGGGGGGGGGGGGGGGGGGGGGGGGGGGGGGGGGGGGGGGGGGGGGGGGGGGGGGGGGGGGGGGGGGGGGGGGGGGGGGGGGGGGGGGGGGGGGGGGGGGGGGGGGGGGGGGGGGGGGGG",
                "=BBBCGGGEGGGGGGGGGGGDBEGGGGGGGGGGGGGGGGGGGGGGGGGGGGGGGGGG>GGGGGGGGGGGGGGGGGGGGGGFGGGGGGGGGGGGEGGGGGGGGGGGGGGGGGEEEGGGGGGGGGGG",
                "?33AAFGGGGGGGGEGGGGGGGGGGGGGGGGGFGGGEGGDGFGDGGGGGGGGGGGGGGGCGEGGGGGGGGG>FGBGGGGGGGGGGGGGGGG@GGGGGGGGGGGGGGC0@FEGGGFGGGGGFEGGG",
                "?:@BBEGGGGGGGGGGGGGGGGGGGGGGGGGGGGGGGGGGGGGGGGGGGGGGGGGGGGGGGGGGGGEGGGGGGGGGGGGGGGGGGGGGGGGGGGGGGGGGGGGGGG>GGGGGGGGGG@GFGGGGG",
                "?:BBCGGGGGGGGGGGGGGGGGGGGGGGGGGGGGGGGGGGGGGGGGGGGGGGGGGGGGGGGGGGGGGGGGGGGGGGGGGGGGGGGGGGGGGGGGGGGGGGGGGGGGGGGGGGGGGGGGGGGGGGG",
                "?>AB:BDGGFGGGGGGBGGGGGGGGGGBEFCFGGGGGGGGGGGGGGGGGGGGGGGGGGGGGGBCDGGGGGGGFEGGGGGGGGGGG;GGGCGGDG@E<BCDGGGEGGGGGGGGEGGGGGECGG.C",
                "?>BBBCGGGGGGGGGGGGGGGGGGGGGGGGGGGGGGGGGGGGGGGGGGGGGGGGGGGGGGGGGGGEGGGGGGGGGGGGGGGGGGGGGGGGGGGGGFGGGGGGGGGGGGGGGFGGGGGGGGGGGEG",
                "?@?BAFGGGGGGGGGGGGGGGGGGGGDGGGGGGGGGGGGGGGGGGGGGGGGEGGGGGGGG<GGGGGGGGGGGGGGGGGGGGGGFGGGGGGGGGGGGGGBGGGGGEGGGGFGCFGGGGGGGGGGE=",
                "?BBB0FFB1C/=FG/=FG/B99:EGF1::</EB/C:FG1C11::1<E=E/:FF<:C1F>1<:F:CG:@0:CCGDGCFBGGG>08FB8EG>GC.999C6DGDGC.8GBD<>CGG..8",
                "@3AABEGGGGGGGGGG1FGGGGGFGGGGGGGGGGGGGFGGEGGGGGGGGGGGGGGGGGGGGGGGGGGGGGGGGGGGGGGGGGGGGGGGGGGGGGGGGGG@GGGGGGGGGGGGFGGGGGFGFGFGG",
                "@>@BBFGGGGGFGGEGGGGGGFFECCGGGGGGGDGGGG:CGGGFGGGFG>>FGGGBFGGGGGGGGGGGG>GGCGGGGGGGGGCGEGGGGFGFGGGGGGGGFGGCCGGEDGGGGGGG@FC<FC8F@",
                "@>BBCFFGGGGGGGGGGGGGGGGGGGGGGGGGGGGGGGGGGGGGGGGGGGGGGGGGGGGGGGGGGGGGGGGGGGGGGGGGGGGGGGGGGGGGGGGGGGGGGGGGGGGGGGGGGGGGGGGGGGGGG",
                "@@?BBEGGGGGGGGGGDGGGG<EFEFGGGCGGECFGEGGEGGGGGGGGGGGGGCGGEGGGADDB@@CEFEGG/:EGGGDEGGGGGGGDGGGGG<GGDCGEEGGGGGG@GBDGGGDDGEBGGBGDG",
                "@@ABBGGGFGGEGGGGGGGGGGGGGGGGGGGDGG@GGGDG1BFBFGGG<GGCFFEGDBDE/=EGCEGGGGGGEGGGGG0FGG>0:CFGF0;E0CBFDFE00BCGDF@F=GGGGGG=GGGGGGGGG",
                "@@ABCGGGGGGGGGGGGGGGGGGGGGGGGGGGGGGGGGGGGGGGGGGGGGGGGGGGGGGGGGGGGGGGGGGGGGGGGGGGGGGGGGGGGGGGGGGGGGGGGGGGGGGGGGGGGGGGGGGGGGGGG",
                "@@BABFEFGGGGGGGGGGGFGGGGGGGGGGGGGGGGGGGGGGGGBGGGGGGGGGGGGGGGGG9FGGEG@GGDGGGGGGGGGGGGGGEGGGGGGGGGGGGGGGGGGGEGGGDGGDGGGGGGDGGGG",
                "@@BABFGGGGGGGGGGGGGG1=EG>BFGGEGGGGGGEGGGGEGGGGGGGGGGEGFGGGGGGGGGGGGGEGCDCG@C@GBFEEGGCDGGGDGGGGGGGGGGGGGGGGGGGG08DGGGEGGGGGGGG",
                "@@BB=FGFDFF>FG>@F1EGGGGBFGCECFGGGGGGEGBGGCGFGGEGGGGEGGGEGGGGGGGGGGGGGGGGGGGGGGGGGGGGGGGGFGFGGGGGCDFGGEGEGGB;GEGEGD6G@GEGBE=@D",
                "@@BBAFCDGGFGGGGGGCECFGGGFA@GE>EDG@FGGGGGGFGGGG/CGFBGGGGG0FGGEGCGGGGGBDEGGGGEEGGGCCGGGGG=DGGGGGGGGGGG;CCGGGA?DGDDD@EBDBGGC@GD>",
                "@@BBAFFGGEGGGGGGGGGEFGGGGGGGGGGGGGGGGGGGGGGGGGGGGGGGGGGGGGGGDGGGGGGGGFGGGGGGEGGGGGGGGGGGGGGGGGGGGGGGGCGGGGGGDGGGGGGGGGGGGEGGG",
                "@BBBCGGGGGGGGGGGGGFGGGGGGGGGGFGGGGEGGGGGGGGGGGGGGGGGGGGGGGGGGGFGGGGGGGGGGGGGGGGGGGGGGGGGGGGGGFGGGEGGGGGGGGGGG0FGGGGGGGGGFGGGG",
                "@BBCBGGGGGGGGGGGGGGGGGGGGGGGGGGEGGGGGGGGGGGGGGGDEGGEGGGGGGGGGGGGGDCGGGGGGGGGGGGGGGGGGGFGGGGGGGGGGGGGGGGGGGGGGGGGBGGGGGGGGGGGG",
                "@BCBBFGGGGGGFGGGGGGGGGGGGGGGGGGGGGGGGGGGGGGGGGGGGGGGGGGGGGGGGGGGGGGGGGGGGGGGGGGGGGGGGGGGGGGGGGGGGGGGGGGGGGEGGGGGGGGGGGGGGGGGG",
                "@ERR10889188.1",
                "@ERR10889188.10",
                "@ERR10889188.1037971",
                "@ERR10889188.106986",
                "@ERR10889188.1085013",
                "@ERR10889188.11",
                "@ERR10889188.11211",
                "@ERR10889188.1201236",
                "@ERR10889188.1221391",
                "@ERR10889188.1224597",
                "@ERR10889188.1227469",
                "@ERR10889188.1241712",
                "@ERR10889188.124625",
                "@ERR10889188.1281620",
                "@ERR10889188.1286235",
                "@ERR10889188.1314281",
                "@ERR10889188.1333459",
                "@ERR10889188.1347982",
                "@ERR10889188.1351664",
                "@ERR10889188.1375284",
                "@ERR10889188.14",
                "@ERR10889188.1403019",
                "@ERR10889188.1404507",
                "@ERR10889188.1418147",
                "@ERR10889188.1458289",
                "@ERR10889188.1468297",
                "@ERR10889188.1482237",
                "@ERR10889188.1484564",
                "@ERR10889188.1493287",
                "@ERR10889188.15",
                "@ERR10889188.1510700",
                "@ERR10889188.1519409",
                "@ERR10889188.1543129",
                "@ERR10889188.1557330",
                "@ERR10889188.1592",
                "@ERR10889188.1612768",
                "@ERR10889188.1630907",
                "@ERR10889188.1638365",
                "@ERR10889188.1664461",
                "@ERR10889188.17",
                "@ERR10889188.1746931",
                "@ERR10889188.18",
                "@ERR10889188.1801390",
                "@ERR10889188.1807502",
                "@ERR10889188.1822252",
                "@ERR10889188.1828291",
                "@ERR10889188.1829328",
                "@ERR10889188.1839125",
                "@ERR10889188.1862615",
                "@ERR10889188.1868078",
                "@ERR10889188.1894233",
                "@ERR10889188.1898903",
                "@ERR10889188.19",
                "@ERR10889188.191934",
                "@ERR10889188.1961990",
                "@ERR10889188.2",
                "@ERR10889188.20",
                "@ERR10889188.203188",
                "@ERR10889188.205218",
                "@ERR10889188.2052261",
                "@ERR10889188.2055318",
                "@ERR10889188.2079578",
                "@ERR10889188.2084111",
                "@ERR10889188.209172",
                "@ERR10889188.2096121",
                "@ERR10889188.21",
                "@ERR10889188.2107806",
                "@ERR10889188.2178122",
                "@ERR10889188.2180270",
                "@ERR10889188.2192655",
                "@ERR10889188.22",
                "@ERR10889188.2225804",
                "@ERR10889188.2237532",
                "@ERR10889188.2245284",
                "@ERR10889188.2247872",
                "@ERR10889188.23",
                "@ERR10889188.236680",
                "@ERR10889188.25",
                "@ERR10889188.255085",
                "@ERR10889188.26",
                "@ERR10889188.266186",
                "@ERR10889188.27",
                "@ERR10889188.270731",
                "@ERR10889188.28",
                "@ERR10889188.284240",
                "@ERR10889188.29",
                "@ERR10889188.3",
                "@ERR10889188.30",
                "@ERR10889188.30511",
                "@ERR10889188.308286",
                "@ERR10889188.309446",
                "@ERR10889188.314039",
                "@ERR10889188.356741",
                "@ERR10889188.359254",
                "@ERR10889188.363853",
                "@ERR10889188.378563",
                "@ERR10889188.389285",
                "@ERR10889188.4",
                "@ERR10889188.401277",
                "@ERR10889188.407352",
                "@ERR10889188.489837",
                "@ERR10889188.5",
                "@ERR10889188.515261",
                "@ERR10889188.6",
                "@ERR10889188.626293",
                "@ERR10889188.628866",
                "@ERR10889188.630900",
                "@ERR10889188.668360",
                "@ERR10889188.688470",
                "@ERR10889188.700716",
                "@ERR10889188.717359",
                "@ERR10889188.755014",
                "@ERR10889188.782250",
                "@ERR10889188.8",
                "@ERR10889188.817590",
                "@ERR10889188.825201",
                "@ERR10889188.830932",
                "@ERR10889188.854873",
                "@ERR10889188.856398",
                "@ERR10889188.859844",
                "@ERR10889188.883375",
                "@ERR10889188.896627",
                "@ERR10889188.9",
                "@ERR10889188.949222",
                "@ERR10889188.968671",
                "A33AAFFGCFGGGGGGGGGGGGGGGGGGGGGGGGGGGGGGGGGGGGGGGGGGGGGEGGEGGGGGGGGGGGGGGGGGGGGGGGGGGGFGGGGGGGGDGGGGGGGGGFFGCGGGGGGGEGFGGGEFG",
                "A3:AB>CGGGGGGGGGFFDGDGFGGGFGGGGGGEGGGGGGGGGGGGGGEGGGGGGGGGGGGGGGGGGGGGGGGFFGGGGGGG>GGGGGEDGGGCGGBGGGGCGGGGGGGGG=EGGGG@EGE.9C",
                "A3<0<;=EGGG;FGGGGCGGGBGGGGGGGGGGGGGGGCFGGGGGGGGGGGFGGDFGGGGGGGGGGGGG9>FGGFGGGGGGGFGFCGCCFGCFGGGGGGGGGGGGGGDGGGG<GGGGGGGGDGGGG",
                "A3>:AGGGGGGGGGGGGGGGGGGGGGGGGGGGGGGGGGGGGGGGGFGGGGGGGGGGGGGGGGGFGGGGGGGGGGGGGGGGGGGGGGGGCGEGGGGGGDGGEEGGGGGGGGGEGGGGGGGGGGGGG",
                "A3>BBCFGGGGGGGGGGGGGGGGGGGGGGGGGGGGGGGGGGGGGGGGGGGGGGGGGGGGGGGGGFGGGGGGGGGGGFGGGGGGGGGGGGGGGGGGGGGGGGGGGGFGGGGGGGGGGGGGDEGGDG",
                "A3@ABGGGGGFGGGGGGGGGGGGGGGGGGGGGGGGGGGGGGGGGGGGGGGGGGGGGGDGGEGGGGGGGGGGGGGGGGGGGGGGEFBF<>EGGDGGGGGGGGGGGGGDGGGGGGGGGGGGGGGGGC",
                "A3ABBGGGGEGEGGGGGGGGGGGGGGGG>GGGGGGGGGGGGGFGGGGGGGGGFGGGGGGGGDGGFGGGGGGGGGGGGGGEGGEGGGGG.>DGGGGGGGGGGGGGG8CGGGGEGGGG.CDGGGGGG",
                "A:3BBFGGFGGGGGGGGGGGGDEBGGGGGGGGGGGGGGGFGGGGGEGEGGGGGGGGGGGGGGGGGGGGGFGGGGGGGGGEGGGGGGGGGGGGGGGGGGGGGGGGGGGGGGGBD@EGGGGGGGGGG",
                "A:<ABGGGGGGGGGGGGGGGGGGGGGGGGGGGGGGGGGGGGGGGGGGGGGGGGGGGGGGGGGGGGGGGGGFGGGGGGGGGGGGGGGGGGGGGGGGGGGGGGGGGGG@FGGGGGGGEGGGGGEGGG",
                "A:>:AEGCFFGGGGGGGEGGGGGGGGGGGGGGGGGGGGGGGGGGGGGGGGGGGGDGGGGBGFGGGGGGGGGGGGGGGGGGGGGGCGGGGGF>GGGGG@FGGGGGGDFEGGC@DDDDGGGGEGGGG",
                "A:AABGGGGGGGGGGGGGGGGGGGFBGGGGGGGGGGGFGGGGGGGGGGGGGGGGGGGGGGGGGGGGGGGGGGGGGGGGGGGGGGGGGGGGGGGGGGGGGGGGGGGGGGGGGGGGGGGGGGGGGGG",
                "A=BBBGEGGGGGGGGGGGGGGGGGGGGGGGGGGGGGGGGGEFGEGGGGDGGGGGGGGGGEGGGGGGGGGGGGGGGEGGGGGGG>FGGGFGEGGGGG>GGFFDGGGGGGGGGGGGGGGEGGGGG@",
                "A>=BBGGGGGGGGGGGGGGGGGGGGGGGGGGGGGGGGGGGGGGGGGGGGGGGGGGGGGGGGGGGGGGGGGFGGGGGGGGGGGGGGEGGGGGGGGGGGGGGGGGGGGGGGGGGGGCGGGGGGGGGG",
                "A>>?AFCFGEG>FGGGGGGGGGGGGGGGGGGGGGGGGGGEFCFGGFGGDGGGGGG=GGGGGGGGGGGGGGGGGGGGGGGGEBDGF<DDEEGGGGGCGGGGGCGGGG=GEEGDBBGGGGGGGEGGB",
                "A>>ABGGGGGGGGGGGGGGGGGGGGGGGGGGGGGGGGGGGGGGGGGGGGGGGGGGGGGGGGGGGGGGGGGGGGGGGGGGGGGGGGGGGGGGGGGGGG?FGGGGGGGGGGGGGGGGGGGGGGGGGG",
                "A>@BB@DGGEGGGGGGGGGGGGGGGGGGGGGGEE=CGGGGGGGGGGGGGGGGGGGGGGGGGGGGGGCFGDGGAGGGGGGGDGGGGGGGBGGGGG@AGEGGBGGGGGGGGGG@GCDGGEDGEGGD@",
                "A>BBBBGGFGGGGGEGGGGGGGFGGGGGGFGGGGGGGGGGGGGGGGGGGGGGGGGGGGGGGGGGFGGGGGGGGGEGEGGGF=/EDGDEGGGECGGGGGGGEGBFFG@DGGGGGGGGGE=GGGGGG",
                "A>BBCGGGGGGGGGGGGGGGGGGGGGGGGGGGGGGGGGGGGGGGGGGGGGGGGGGGGGGGGGGGFGGGGGGGGGGGGGGGGGGGGGGGGGGGGGGGGGGGGGGGGGGGGGGGGGGGGGGGGGGGG",
                "A>BBCGGGGGGGGGGGGGGGGGGGGGGGGGGGGGGGGGGGGGGGGGGGGGGGGGGGGGGGGGGGGFGGGGGGGGGGGGGGGGGGGGGGGGGGGGGGGGGGGGGGGGGGGGGGGGGGGGGGGGGGG",
                "A@@BBGEGGGGGGGGGGGGGGEDGGGGGGFGGGGGGGGGGGGGGGGGGGGGGGGGGGCD1CGGGGGGGGGGGGGFFGGGGGGGGGEGGGGGGGGGCFGGGGGG@BGGGGGGGGGGGGGGGGGGGG",
                "A@ABAGFGGGGGGGGGGGGGGDGGGGGGGGGGGGGGGGGGGGGGEGGGGGGGGGGGGGGGGGGGGGGGGGGGGGFGGGGGGGGGGGGFGG0BFDFGGGGGBGGGGGGGGGGGGEGGGGGGGGGGB",
                "A@ABBFGGGGGGGGGGGEGGGFF=FGGEGGCE0CFDEDGGGGFGCFGGFGGFFDCGDGG/0EGGG>GGGACBGGGGGGG09FGGGGGGGGDGDDGGG=CGGEGED=EGGGEGGGGD<DGGGGG.C",
                "A@ABBGFDFDFGGGGGGCGGGGGGGGGGGGGGGGGGFGGGGGGGGGGGGGGGGGGGGGGGGGGGGGGGGGGGGGGGGGGGGGGGGGGGGGGGGGGGGGGGGGGGGGGGEEGGGGGGGGGGGGGGG",
                "A@B@0EDGGGGGGGGGGGGGGGGGGGGGGGGGGGGGGGGGGGGGGGG@GGEBFGGGGGGGGGGGGGGGGGGGGGGGGGGGEGGGGBGCDGGEGDEGGGGGG@DGEEDDGGGGGGGGGGGGGGGGE",
                "A@BBBBGGGGGGGGGGGGGGGGGGGGGGGGGGGGGGGGGGGGGGGGGGGGGGGGGGGGGGGGGGGGGGGGGGGGGFGGGGGGGGDGGGGGGGGGGGGGGGGGGGGGGGGGGCDCGGGCDGGGDAG",
                "A@BBBGGGGGGGGGGGFGGGGGGGGGGGGGGGGGGGGGGGGGGGEGGGGGGGGGGGGGGGGGGGGGGGGEGGGGGGGGGGGGGEGEGGGGDG><DEGGGFGGEGGGGGCGGGGFGGBBGGGGGGG",
                "A@BBBGGGGGGGGGGGGGGGGGGFGGGGGGGGGGGGGGGEGGGGGFGGGGGGGEGGGGGGGGGGGG@GGGGGGGGGGGGGGGGGGGGGGGGGGGGGGGE6CDDGGG=CDGGGGGGGGGGGCGGGG",
                "A@BBCGFGFGFGGGGGGGGGGGFGGGGGGGGGGGGGGGGGGGGGGGGGGGGGGGGGGGGGGGGFGGGGGGGGGGGGGGGGGGGGGGGGGGGCGGGGGGGGGGGGGGGGGGGGGGGGGGGGGGGGG",
                "A@BBCGGGGGGGGGGGGGGGGGGGGGGGGGGGGGGGGGGGGGGGGGGGGGGGGGGGGGGGGGGGGGGGGGFGEGGGGGGGGGGGGGGGGGGGGGGGGGGGGGGGGGGGFGBGGGGGFGGGGCGGG",
                "AAAAATAATCAATGGCACCCAATAGAAAATATTGGCGATGCGCTCGAACGAATAAAGAAGCTCTAGGCGCAATCCACACACTACGATGTTGCAACAACACGCCATCTACTTTTTATTCTCATTCA",
                "AAACCGACGAGGTACGGCGGGTCAGTCAGTATGAAATCAATGGCGTTATCAGGAATACGGGCCATAACATCGGTGCAGTTACCGAGGACAAAACGGGACATAACAACGCTCCTTCTCTTACAGAG",
                "AAACTTGATTTCCTCTACTATCAATCTAAATACCCGATCCAAAAGGCCCTCTTCGCCTTTTTGAATCTCAGCATTTAATGCCTGATCAGTGACGATGTGTAAGGGCTCGTAGGGAATAGGGCAAT",
                "AAAGCTGTTTACGCTCCGCACAATCTCTTTGTTATGTTAATTTGCGTTATTTTGTTTAGTATTTTTGGTCAATTCGGTGATTTGGTTGAAAGTGCGATTAAACGTCATTTTGGCGTTAAAGATTC",
                "AAAGTAAGAGGAAGAACAAAAAAAGAGCCATTTTAATGGCACTAGGGGATGTTTTTGCAAAAGGTAAGTAATTTCAACGTGCGAGTAGCACGGCCAGTAACAAAGCCTTATAGGCGCAGAGCAAG",
                "AAATATAATTTTATATTGTTTGGAAATTGATAAAGGATATCCAGCAAATCATACTTTTATATTAGATAGAGATGCAGAAAAAAAAATAAGCAGCATTATTGCAGCTGGATATCCGAGCAAAGATC",
                "AAATGATATTACAAGTGTAATTAAAAAGTACGTTTAACAAATGAGAATAATTATTACTAAAACGCAATTAGCTATTACAATAAGTAAAGCATGAATAGCGATATTGGCAAGAAACCAACCGCTGT",
                "AACGGGTACAGTAACCTTCACAGAAGGTGATCCAGTTGCGCCAATCAACAAGGATTCTATTACCCTTCTTGATGAAAATGGTCAACCAGCTGCTTCAGTAGATGCCAAATCACCAGCAGGTGATG",
                "AATCGAGAACAATATCTGATGGGTCGACACCAGCAGCGATTAAATCTTTGCGCATGGTCATCGGCTCATTATAACTTTGCAATGCGTTATCGCCGCTCAGTAATAGATAATTTACCTTACCGCTG",
                "AATCTGTGAGTCAGGCCATTGATGTCTTCCACCTGCCCTCGGGAGCGGATGTTTCGGATTACGAAATCTATGAGGTCGCCACATCGGATGGGGTGAAGCGTTTGCGCTATCCGCGACTGGACGGC",
                "AATTACGAGCTATCGGAACTTGAACAAATTGAATTATTAAACAACCAAACAGAAGTCGGTTTAAAACATCTTCTAGAGCAAATGCCAGTTGGTGTTGTTCAGTTTGATCAAGAAACAAATGAGGT",
                "AB3A?FGGGGGGGGG1FGGGGGGGGGGGGGGGGGGGGGGGGGGGGGGGGGGGGGGGGGGGGGGGGGGGGGGGGGGGGGGGGGGGGGGGGGGGGGGGGGGGGGGGGGGGGGGGGGGGGGGGGGGGE",
                "AB<AAFGGGGGGGGGGGGGGGGGGGGGGGGGGGGGGGGGGGGGGGGFGGGGGGGGGGGGGGGGGGGGGGGGGGGGGGGGGGGGGGGGGGGGGGGGGGEGGGGGGGGGGGGGGGGGGGGGGGDBGG",
                "AB@B@FGGGGEGGGGGGGGEG@1EFFGGBG<DGGGGGGCGGGGGE>GGGG1DGGGF@FGEGGGGDGFBDCGGGGG>FGGGC>FFGFGGGGGEG<<DGGGG=FF0FGGGAC.CCEG.DD@GEGGGG",
                "AB@BBGGGGGGGGGGGGGGGGGGGGF1FGGGGGGGGGGGGGGGGGGGGGGGGGGGGGGGFGGGGGGGGFGGGGGGGGGGGGGGGGGGGGGGGGDGGGGBGGGGGGGGGGDGGGGGGGGGBGGGG:",
                "ABABBFFGGGGGGGGGGGGGGGGGGGGGGGGGGGGGGGGGGGGGGFFGGGGGGGGGGGGGGGGGGGGGGGGGGGGGGGGGGGGGGGGGGGGGGGDGGGGGGGGGGGEGGEGGEGGGGGG=GGGGG",
                "ABBABFGGBFGGEFGDDGGGGGGGDGGGGEGGGFGDBGGGDGGGGGGGGGEBGF==FGGGGGGEGGGEDGGGGGFGGGGGGGGGGGGGGGGGGGGGDGGGGGD8EBEG=DGG.>CGEGGGGGBGG",
                "ABBBBFGFGGDGGGGGGGGGGGGGGGGGGGGGGGDGGGGGGGGGGGGEGGFFFGGGGGGGGGBGGGGGGGFGGGGGGGGGGGGGGGGGGGGG=C@GGGFGGGGGGGGGGGGGGGGGGGGGGGGGG",
                "ABBBBGGGGGGGGGGGGGGGGGGGGGGGGGGGGGGGGGGGFGDGGGGGGGGEGGGGGGGGGGGGGGGGGGGGGGGGGGGGGGGGGGGGGGGGGFGGGGGFGGGGGCGGEGGGGGGGGGG0FGGGG",
                "ACAAATCAAGTTAATGAGAGAACAGTATAAGAAACTAGAAAAAGAATATGAGTCGACAAAAGAACAGGCGTTTTTAGGAATTGTATCAACTTTAGATGTTGATATACGCTCTAACGTCTTGAATA",
                "ACAAGCAAATCATTCTGTCTCTTTAGACAAATTTTGACATCAAACATGATTTTTTTCGATATATATGTAAATATATAGCGGTTTTTATTATCAGGATATAACTTATGTCACTAACCAGACGGAGG",
                "ACAGCCGGTAGGGCTTTCGTGGCTTGGATCTCCTGCGGTCGGCCTTGCGCTGCGCGGGCCCGGCGATGTGGTAGCGGCCGGTCCATGGCTCCGCCTTCAGTCTTTTCGGCCGGTACGGGCGGTAC",
                "ACATAATCCAGCCATCGCTGGATTTCCCCCCCAGAAGTGCCGGATCCGAAAAGAAGAACTAACTCGTTGTGGAGAATAACAAAAATGGTCATCTGGAGCTTACAGGTGGCCATTCGTGGGACAGT",
                "ACATATTTAACGTCTTCAACTGTAATTTTGCGGTAAGGTTTTTGACACCATGGAATGAAGAATGATTTTGGATCATACTCCTTTTCTGGATTCAAAAACTTTTGCATAGCCCAAGCACGTGGTGT",
                "AGCCATTCATCGGTTTTATCGCCAGCGATGGTGCGCCCGAAACGGTCACGAAAACCGACGAGGTACGGCGGGTCAGTCAGTATGAAATCAATGGCGTTATCAGGAATACGGGCCATAACATCGAT",
                "AGCGTGCCGCCAGTGCCAAAGCCGAACAGTACTGGAGCGGTGTCAAGATTGTTGCCGGAATCGCCAGTATCGCTCGACTTGGCTGAGTCGTTCGTTCCCGAACCAGCGCTCTTAGACGAGTCGGA",
                "AGCTCACCACGCCAGCCGGAAATCAGCTCCGGCAAATTGTTCTGCGGTTTCAGTTTCCAGTGCCAGTTCAGCAGTTGGTTGATTTGCCGACGCGATGCCAGCAATTCGGCGCTGAT",
                "AGCTGCTCGTTGCTGCCTCCTGTGAACCCGGGATATCCATCTCAAAACTTGCTCTTGAAAATGGCATTAACGCCAATCTGTTGTTCAAATGGCGACAACAATGGCGCGAGGGAAAGCTGCTATTA",
                "AGTTAGCGTCGGGGCTGGCAGAAGTCATCAAATACGGCATTATTCTTGACGGTGCGTTTTTCAACTGGCTGGAAGAGAATCTGGATGCGTTGTTGCGTCTGGACGGTCCGGCAATGGCGTACTGT",
                "ATCCATTCGTTAAATCATCCCCTATCCATTTTGGTGATCAGGAAAGCGCGGCGTGAATTGCGCGTAGTGACGCTTGCATAATTTCATCGGCTGGTTGCCGACCATCCAGTTCAAGGATCTTTGCG",
                "ATGCAGAAGATTTAGGAATAGTAAAAGTTCAAGATATAACTATTGCACCAGAAGGCAAGAAGAAGGAAATAACTACTGATAAGGGAACATTGAAGTTTAGCGTTGATGTATTACCGGTAAATGCT",
                "ATTACCGTTGGTATCGGCCTTTTTATCTCTATCATTGGCTTAAAACTATCCGGCCTGATGGCAATCTCTATTAGTTTGTCTCCAAACACCTTAGGTCAAGTGGTGCAAACACATGGTAATCTAGT",
                "ATTACCTGCAACAGTACGCCAAGGAACACCGCGCGGCGGAAGTTGCTGTTCTCTTTAAACAGCGCCCAGCCACTCTGTTTAACCTGCAAACTTTCACGGATTTCATCCAGTTCACGTTTCGCTTC",
                "ATTTCCATCACTTTCAGCAGATTAAACATCGCGATGTCATGCAAGCCGTAGGTTCTGCCGGGAATAGATAATTCCACACAGCCCACTACGGAATAGTCGCGTGCATCTTCCAGCGAAACGCCACG",
                "B3:BBGGGGGEGFGGD1FCEGFEGGGGGGGGGGDEGGGGGGDGGGGGGGGGGEGGDCGGG1<DDGG1:FG:GCFGC1FFGGGGG1FFEGEGGGCCCCDGGGGGGGGDGGGGFEDB@CFGGBCBGC",
                "B3A=AEDGGGGGGGGGGGGGGGGGGGGGGGGGGGGGGGGGGGGGGGGGGGGGGGGGGGDGGGGGGGGGGGGGGGGGGGGGGGGGGGGGGGGGGGEGGGGGGGGGGG=DGGBGEGGG=EGGGGGGG",
                "B=?ABEBGGGGG1FGGGGGGGGGGGGGGGGGGGGGGGGGGGGGGGGGDGCEGGG>BFFCFFGGGCFGGGGGGGGGGGGGGGGGGGGEGGGGGDEFGDCFGGEGGGGGGEGGGGGGGGGGGGFGGE",
                "B=AABEGGGGGGGGGGGEGGGGGGGGGGGGGGGGGGGGGGGGGFGGGGGGFGGGGEGGGGGGGGGGGGGGGG>FGGEGGDFGGGGGGGG..FFGGGGEGGCFEDGGDCCC@6CDGGGGGGGGGGG",
                "B>>BBFGDGGGGCGGGGGGGGGGGGFGGGGGGGGGGGGGGGGGGGGDGGGGGGFGGGGGGGGGGGGGGGGEGGGGGGGGGGGGGGGGGGGGGGDFGGGGGGGGGGGGGGGGGGGGGGGGGGGGGG",
                "B>>BBGFGGCGGGGGGGGGGEGGGGGGCFGGGFGGGGGGGGGGGGGGGGGGGGGGGGGGGGGGGGGGGGBGGFGGGGGGEGFGGGGGGGGGGGGGGGGGGGGGGGGGGGGGGGGGGGGGGGEGFG",
                "B>BBBFGGGGGGGGGGGGGGGGGGGGGGGGGGGGGGGGGGGGGGGGGGGGGGGGGGGGGGGGGGGGGGGGGGGGGGGGGGGGGGGGGGGGGGGGGGGGGGGGGGGGGGGGGGGGGGGGGGGGGGG",
                "B@=ABGGGGGGGGGGGGGGGGGGGGGGGGGGGGGGGGGGGGGGGGGGGGGGGGGGGGGGGGGGGGGGGGGGGGGGGGGBGGGGGGGGGGDGGGGGGGGGGGGGGGGGGGGGGCGGGGGG.D@GGG",
                "B@@ABFGCEGGGGGGGGGGFGGGGGGGGGGGGGGGGGGGGGGGGGGGGGGGGGGGGGGGGGGGGGGGGGGGGFGGGGGGGGGGGGGGGGGGGGGGGGGGGGGGGGGGGGGGGGGGGGGGGGGGGG",
                "B@@ABFGGGGGGGGGGGGGGGGGGGGGGFGFGFGGGGGGGGGGGGGGGGGGGGGGGGGGGEGEGGEGGGGGGGG0FFEGGGGGGGGGGGGGGGGGGGGG@CCFGGGGGEEGGGGFGGGGAGGGEG",
                "B@@BBGGGGGGGGGGGGGGGGGGGCEGGGGGGGFGGGDGGCFGGGGGFGGGGGDGFEGEGGGGEEGGGGGGCGGGGGGGFGGGGGGGGGGGGGGGGGEGGGDGGGGGGGGGDGGGBEGGGGGGBG",
                "B@ABCGGGGGGGGGGGGGGGGGGGGGGGGGGGGGGGGGGGGGGGGGGGGGGGGGGGGGGGGGGGGGGGGGGGGGGGGGGGGGGGGGGGGGGGGGGGGGGGGGGGGGGGGGGGGGGGGGEGGGGGE",
                "B@BBBDGGGGGGGGEGCGGGGGGGGGGGGGGGEGGCGGEGFGGGGGGGGGGFGGGGGGGGGGGGGGGGGGGGGGGGGGGGGGGGGGGGGGGGGG>FCGGFGGGGGGGGGGGGG@BGGGGGGGG>C",
                "B@BBBEBGGGGGGGGGGGGGGGGGGGGGGGGGGGGGGGGGGGGGGGGGGGGGGGGGGGGGGGGGGGGGGGGGGGGGGGGGGGGGGGGGGGGGGGGGGGGGGGGGGGGGGGGGGGGGGGGGGGGGG",
                "B@BCCGGGGGGGGGGGGGGEGGGGGGGGGGGGGGGGGGGGGGGGGGGGGGGGGGGGGGGGGDGGGGGGGGGGGDEGGEGGCGGGGGGGGEGGGGGGGGGGGGGGGGGGGGGGGGGGGGGGGGGGG",
                "BB@B@EDG>EGGGF>FFGGGGGGGGGGEGGGGGGGGGF>GGGGGGAGAGGGGGGGGGGGGFGDFGGGGGGGGGGGGGGGDDGGGGGGGGBGGGBGGEGGGGGGGEBG<<EBGGGA@E<GGGGGCD",
                "BB@BBGGGGGGGGGGGGGGGGGGGGGGGGGGGGGGGGGGGGGGGGGGGGGGGGGGGGGGGGGGGGGGGGGGGGGGGGGGGGGGGGGGGGGGGGGGGGGGGGGGGGGGGGGGGGGGGGGGGGGGGG",
                "BBBBBCFFFGFGGGGGGGGGGGGEGGGGGGGGGGGGGGGGDGGGGGGGGGGGGGGGGGGGGGGGGGGGGGGGGGGGGGGGGGGGGGGGGG.EEGGEGGGDGDGGG.CDDGGGGGGGGGGGGGBEG",
                "BBBBBFGGGGGGGGDEGGGGGGGGGGGGGGGGGGGGGGGGGGGEGGFFFFGDEDGFGGGGGGGGGGGGGGGGGAGFGGGGGGGGGAGGGGGGGGGGGGGGGEEGGGGGGGGGGGGGGGGGGGGGG",
                "BBBBBFGGGGGGGGGGGGGGGGGGGGGGGGGGGGGGGGGGGGGGGGGGGGGGGGGGGGGGGGGGGGGGGGGGGGGGGGGGGGGGGGGGGGGFGGGGGGGGGGGGCAGGGGGGGGGGGGGGGGGGG",
                "BBBBBGFGGGGGGGGGGFGGGGGGGGGGGGGEGGGGGGGGGGGGGGGGGGGGGGGGGGGGGGGGGGFGGGGGGGGGGGGGGGGEFGGGGGGGGGGGGGGGGGGGGGGGGGGGGGGGGGGGEGCGG",
                "BBBBBGGGGGEGGGGGGGGGGGGGGGGGGGGGGGGGGGGGGDGGGGGGGGG>@GGCFGBGGDGGGCFGGGGCE0CCFFGGGGGGGCGGGGGGGFGGGGGGDGCDGCGEGGGGGGGGGGGGGGEEG",
                "BBBBCCGGGGGGGGGGGGGGGGGGGGGGGGGGGGGGGGGGGGGGGGGGGGEGGGGGGGGGGGGGGGGGGGGGGGGGGGGGGGGGGGGGGG=GGGGGGGGGGGGGDGGGGGGGGGGGGGGGGGGGG",
                "BBBBCGFGGGGGGGGGGGGGGGGGGGGGGGGGGGGGGGGGGGGGGGGGGGGGGGGGGGGGGGGGGGGGGGGGGGGGGGGGGGGGGGGGGGGGGGGGGGGGGGGGGGGGGGGGGGGGGGGGGGGGG",
                "BBBCCGGGGGGGGGGGGGGGGGGGCGGGGGGGGGGGGGGGGGGGGGGGGGGGGGGFGGGGGGGGGGGGGGGGGFGGG>GGGGGGGGGGGGBFCFGGGGEFGGGGGGGGGEGGGGFEEGEGGFF<C",
                "BBCBBEGGGGGGGGGGGGGGGEGGGGGGGGGGGGGGGGGGGEGGGGGGGGGGGGGGGGGGGGGGGGGGGGGGGGGDFGGGGDGGGGGGGGGGGGGGGGGGGGGDEG886EGGGGGGGGGEGGGGG",
                "BCCBBGGGGGGGGGGGGGGGGGGGGGGGFGGGGGGGGGGGGGGGGGGGEGGGGGGGGGGGGGGGGFGGGGGGGGEGFGGGGGGGG>DGGGGGGFEGGGGGGFGGGGGGGGGGGGGGGGGGGGGGG",
                "CAAAACCTATACCATGTTCACCAGAAACTTGTCCTTGTAATTCTTTAGCTTTATCATACATTATCTGCATTATTTCAGTTAATTTTTTATTCCAATTTTCTTCATCTAAATCGTCTCTTAATATA",
                "CAAGGCGCTGGGTGCGCGCATCCCGCGCGGTGTGCTGCTGTACGGCCCTCCCGGCACCGGTAAGACGTTGCTGGCCCGAGCCATCGCAGGCGAGGCCGGCGTGCCGTTCTACTCGATGGCCGGCT",
                "CAATCGAAGGTTTGAAAGATTTAAAACGCGCTAGCGAAGTTGCAGAACTTCGTGGTAAAACCGTTGAAGAAATTTATAACGCGTAATAAGGAGACAAGAAATGGCACAAGTTAAAGTAACATTAA",
                "CAATTTGGTGAGGTGTCCGAGTGGCTGAAGGAGCACGCCTGGAAAGTGTGTATACGGCAACGTATCGGGGGTTCGAATCCCCCCTCACCGCCATATTCAAAGAAGAGCTCGTACGAAAGTGCGAG",
                "CACAAATTCAAGAATATCTCCCCGCATTTGCAGCGCATTAAAGCGTTCAAAACCCTCGGGTAAATGCCCTCGTCGCATCAGGTAACCTTGCCGGTACCTGATGCGCTCCGGATTCTGTGGGTCGG",
                "CACTTTTTCCATTACCGGCCAGTCGATGAGATCATCGCCGACATAAGCCACATTTTCCGGGGCAATCGCCAGTTTTTCCAGCAAATCGCTAAAGGCGATCAGTTTGTTTGACTGCCCCTGATACA",
                "CAGAAGGTGCTGATTGCGTAGTAACTCCTTGCCCACTTTGCCAAATGCAACTTGATATGTTCCAAAAAGAAGCAAAAGAAGTTGTTGGCGGTGGCAAAGATATGCCAATCTTGCATATGTCCCAA",
                "CAGGGGTATCGATATTGGCGCGAAATACGAGATCTACAAATTAATTAACCAACTCGTCCAGCAGGGTATTGCCGTTATTGTCATCTCTTCCGAATTACCTGAAGTGCTCGGCCTTAGCGATCGTG",
                "CAGTTTATTGATAGCTACCAGCGCAAGCTGCGCGAGCTGATCGCCATTTCCGTGATCCTGCCGGGGCTTGTTGACCCGGACAGCGGCAAAATTCATTACATGCCGCATATTCAGGTGGAAAACTG",
                "CATAATTTTTTCTGCTACTTTTGGTCCTAACGCATCAGGTGTTACATGCCAGTTTCCAAGACCTATAACTAAAGCATTTTTTGTATAGTCTATATCCACCAATCTCGATAATGATTTTCCAACGA",
                "CATACAACACTATTCCTAATGAATACAGATCAGTTCTGCAATCAATAAAAGATCCCTTTGCTTGTTCTGGTGAAAGATAATGTGCTGATCCCATTATTGTTGTTGTATTAGTAATTGTTGCAGAA",
                "CATGGTCGAAAGTGCATTACCAATCAGCGGGCCGCCATAATAGGCTTTAACCACAGCCAGGCTGACTTTACCCTCAGCGAAGTTCACCACCTGCAATGCGCCGGGATACTCAATCAGTCGGTAAA",
                "CATTTATTTGGTTAAATTGGGGCTGCCACCACGATTTCTACGCAGTCTGCGTTTTACGCGCTTAATAAAGCGAGCAACTTTCCAGGCACGCTTAATGCAATATCCATAGAGGAAGAATGCTAGCA",
                "CATTTCTTCTTTCAAAAGACCTACTGCATTTTCAATATTGCCAGCTCGTAAGGAATTACTACATACAAGCTCAGCAAATTGATCTGTTTGGTGCGCAGGGGAGCTCTTAACAGGGCGCATTTCAT",
                "CCCTTCAGGAGAGAGCACGGGACTTTGGTATTAACCCTTAGGCTTATTTACCACGGGCTTCAATTACGGCCTGAGCAACGTTACTCGGCGCTTCATCATACTTCAGGAATTCCATGGTGTATGAT",
                "CCGCCGCCGAAGAAATAGTTGAGCAGATCGCCCAGCACCCAAATCAGCAGGCCGCCGATATAGACCTTCTTCTTACCAAAACGTCTGACTGCGCCAGGCATCAGGAACACGCCGATGAAAATACA",
                "CCGCTGGGGTGGTACAACGAACCGCTGACGGTTGTGATGCATGGCGACGATGCCCCGCAGCGTGGCGAGCGTTTATTCGTTGGTCTGCAACATGCGCGGCTGTATAACGGCGACGAGCGTATTGA",
                "CCGTGCGAAGTTTCTTTGAAATTAAGATTACGGCCTGAGGCTGTGGATAACTCTGTTTACAAGAGTTTGTCAGAGACAACAAAAACCAGCAATAACGCATCGCGTCGCTGTGGATATTTTATTGA",
                "CCTACGTCGGCAAAGCCTTGGAATTGACCGATAAGCGCACCGGACATCCCAACGAAGCCATTGGAAATCAATAGGCCAAGTACAATCATATTATCCGTATTAACGCCTTGGGCGCGAATCATTTG",
                "CCTTCCCGTAAAATGCCCACACACTTTAAACGCCACCAGATCCCGTGGAATTGAGGTCGTTAAATGAGACTCAGGAAATACAATAAAAGATTGGGATGGTTGTCATTATTTGCAGGCACTGTATT",
                "CGCACAGGTAATTGCACCGAACGGTTCTGAAGTTCTGGTAGCTGCTTCTACTGTAGAAAAAGCTATCGCTGAACAACTGAAGTACACCGGTAACAAAGACGCGGCTGCAGCTGTGGGTAAAGCTG",
                "CGCGTCATCAGGCGCTAAGTACTCAGCTGCTTGACGCCATTATGCCGTTCTGTGGTAACGCCCTGCGACTGGGCGTTACCGGCACACCCGGCGCGGGGAAAAGTACCTTTCTTGAAGCCTTTGGC",
                "CGCGTCCGCCAAACAGCAAAGAAACGGGTGTTTGTAAGAAATTCACTCCGTGCATTAGCCTCTGTTAGTCCTACTCATAATGTGCGAGATATACCATTCGTAGTTATAGTCGGTGGCTCTGCATT",
                "CTACACAGATTGGCTGGAATTTTGGCGATGGCACTATCCTGAAGTTATCCTGGTTTACCGGACTGGCGCTGGCTGTCTTGTTTTACGGCGTTATGCTGGCTGGGGTCGCGGTGATGGGGCGGGTC",
                "CTATTATCATAGGTGGGCCAAATGAGGATAACCGGATGAAAAAATGGGCAGTAATAATTTCTGCAGTCGGACTGGCGTTTGCTGTTTCCGGGTGTTCCAGTGATTACGTCATGGCGACCAAAGAT",
                "CTATTTTAGAAAAACTTAATTCTGAGTTAAGCAAAAAAACATAATACAAATAAATACAACAGCAACATTATTGAACAAATGAATGATTTATAGAAGAGATAATATAACGGAGTATGTTATGGCGA",
                "CTCCAGCTCCGGCTGCCACGGAACCGCAGCTCGATTTGCCGCTTCCCGTGGCCGACGATGCCAAGAAGGACGAGACCGAACCGCGACGCACCCGTCGTAAGGCCGCCGATGATGCCGCATTCGAA",
                "CTGGCAGGTACTGGGCTCCTACTATCAGAAGGGCGTTGTGGAAAGCCCTTCAGGCACCTTGGACGGCAAATCCACGGAAAACGATTGGCAAGCCGTGGCCTACGATGCCGCCAAGGAAGGCTCCA",
                "CTTTCTGGACGGAGAAGAATATGTCCTGGAAGATCAGCCAATAGAAAAAACCGATAAAGTCATGGAGGCGCTTAAGGCTGCAACTACCCATGACTATGAAGTGTATAGCTTTGCTAAAAAATTAT",
                "GAAGCCTAAGTAAACTTCAAAAACATCTTATAATAAATAGTATTAATACAAAACGTAATGTTGCCTGGGATGTTAAAGCTCTTCAGTTATTACTTAGAAATCCTGTTTATGTAAAATCATCAGAA",
                "GAAGTGCCGTCACCGCAGGTCTGCTGCCGGACGGAGTGGTCGCGGTGATGGTCTGCACCGGCATTGTCCGGAAGTTCCCTTCAGCCAGGCGCGGCAGTGATGCCGCAACCGGCTTTGCTTCTGAG",
                "GAATCATACGGAATGTAGCACCTGTTGCAAAGCCACAGCATACGAATGTCAATACTGACATAGCAAAGAAGAATGGGAAGTTGTGCATATCTACACCAACTGCGATCAATGCAGTGGTAGCACAT",
                "GACCGGACCGGTCGGGGCCAGCGCATCCATTACATCACGACGACCACCGAATGCGCCTACCGGCATTCCACCGCCGATGATTTTGCCGAGGCAGGTGAGATCCGGTTCCACACCGTAATAATCCT",
                "GACCTATACGCCGGGCGCGGATGATAACGCCAGCGGTGTGGCTGGATTACTCGAACTGGCACGTTTGTTACATCAGCAAGTACCGAAAACAGGCGTGCAGCTGGTCGCCTATGCGTCGGAAGAAC",
                "GAGCGTAATCGCAAGGCGGTAAAAGGTTTTACGCCCCAGGCGATGGATCTGCTGATTCACTACGACTGGCCGGGAAATATTCGTGAACTGGAAAACGCGGTGGAACGGGCGGTGGTGCTGCTGAC",
                "GATCTTGCGTCCGCTATGGGGAACGTGAAGACCGTCATGGAATGGAATCCCGGTGCTGACCTTGCCACCGTCTGTGAGGCATTGGTTGGACAAGGGGATGACTATCGTTCCCATCCCGGCATCAG",
                "GATGGCCTTCCAGCCAATCTCGTAGGCGTCCTTGTAGTACTCGAGGTTGTCGTTGGTCATGTAGGCGGCCGGGTAGTACACGCGCCCGATCTTGCCTTCCTTGCGAATCTCGATCTTGGAGGCAA",
                "GCAAAAAAAGAGTATTCACCGGAATTGATGGAATCTATGATAAGCCAGGATAACCCGTTGAGTCCTCAAGAAAAGCGTATTTTACTTGGAAAATCGAATCAAGATATTGCTGATACTCTTTATCT",
                "GCCAGGGATGGGAACAATCCACGGCTTTTGTGCTAATAGCCATGCCAGTGCGATTTGTGCAGACGTTACCCCTTTCTCCGCAGCCAGTTCACCTAACAAGGTGACCAGTTTTTCATTGGCTTCAA",
                "GCCCGTTTGAACTGCTGACGGACTATCTCGGTCAGAACGAGAACCCCTACACCGGGCAGCAATATGTGCTAGAGTCACGCCATATTTACGATCTCAAAGTCATGCAGATTGACCCGCTGGAAGCG",
                "GCCGAGGAAGCTCAGCGTCGCTTCCGCCACGATGTAGGAGGCCAGCGAGGTGGTGGCGATGACGATGATCGGGGCCAGGGAGTTCGGCAGGATGTGGCGGAACAGGTTTCTGGCCGGCGTGGAGC",
                "GCCGGCGGTGTCGACCATATCGTCGATCACCACACAATCGCGACCGTCAACATCACCGATGATGCCGTGTGCCTCGGCGTGGTTCGGACGGGTGATGTCGCGCTGCTTATGGATAAAGGCCAGTG",
                "GCCGTCCAACACGAGGAACTTCATGTTCGGCACCGTAACCTGCACCGCCTGCTGCTTCGGACAATATAATTCCTTTTCGTGCTTGCGCCATTCATGTTTTACTGCCGTCATAATCAGACCTCCCT",
                "GCGCTATTCACGCGTGTGACGCCGTTTGTCACCTGCTGCGCCATCAGTGCCAGCGAGGCAAAAATGGCAATTGCCACCAGCATTTCCAGTAACGTGAAACCAGCGCGACTCCTTCTCACTGTTGG",
                "GCTATCGCCAGTTGGCACAGCAGCTCGCGGACTACATCAACACCTGTATGTTCGACCCGACTACCCAGTTCTACTATGACGTGCGCATTGAAGATAAACCGCTGCCGAACGGCTGCGCGGGCAAA",
                "GCTGTAAACGTCAACACGGGAAACGGGATCAGCGCCGCCGCAAACGACATGAAATGCGTTTTCACCATCGACCAGTCGACCGGATCGACCGGCGGTCGCCGGCGTCTCGGCGTGAACAGATGGCC",
                "GCTTCATAGAGATAATGTAAACCAGGTCCCATCCTGACCCACAGTTGCTCAATCATCTCACACAGGATGGGCATATTTGAACGATGATAAATCGCTAAGCGAAATAGCCTGTTCGCATTAATGAT",
                "GGAGCGGCATCGGTCAGCAGGTTGATCCACAACAGCTGGGTGGCGAGCAACGGCACCGTGACACCCACGGTCTCCGGCTGCCGGATACCGAGGAACCCAGCCAACACCACGCCAAGAAACACGGT",
                "GGATTGCATGAGTGCTGGTGGTCTTGAAGATGGCGATTATATGCTTGGAGAATTTCCTGTTATCGTTGAAAAAGGAACAGCACGTTTGAAATCAAATGGCGCTCTAGCAGGTTCTATTCTTCAGT",
                "GGCGTGATGGCGCAGCGGCTGGTCCGCACGCTGTGCACCGACTGCCGCCAGCCCGCGCCTGCCACTGATGAAGAAAAACGCCTGCTGGGGATTACCGACGCGCGCACCGTCACGCTGTACCATCC",
                "GGCGTGGCGAAGCCTTACCTGAAGGTAATAAAGCTGAGCAGGGACGTTAAAACGTCACGGCCTTACGCATCCGGTAAGCCGTGAAAAGACGGGCTTACCGGAAAAGTTTTAATCTCCGTCGAGGG",
                "GGCTGGCTTTGTTGATTATCAAAGTTATATTGACTGTTCTAAGGTGACCGACGAAGAGTTGGAGGCCTTGGCTGAGGAGACAGCAATCTTTGGACGGGTATCTCCGCATCAGAAGAAGTTGTTAA",
                "GGTCTGGAACCTTCATAGACGGTAATGGTCCCGGCATGTGAAGGCGGAAAACCTTCAACCAGCAGGGTGACGCTGTACTGACCATGCTCAACATCCATGCTGTAACGTCCGGCTTCATCCGGATT",
                "GGTTGTGTTGGGACGGGTCTGTTTAGCGTGGCGAATATGGTATTTCTGCTGGTTTTCCCGGTGCTGTCTATCGTGGTATCGCTGGTGATGATATCGACCCACGTCGATGAACACGTTGTTAGTGG",
                "GTAATAGACTGCACTGAATGGCATTTCCACTGGCAATACTTTATCTGCCATTAACTCCACCAATTCTCCGCGAGCGATTTCTCTGTCGATCATGTAGTCGGACAAACACGCAATCCCGTTGCCAC",
                "GTCACCCCTGGCGTTGATGCCCTGGAAGCCGGCAACGATGGCGATGTCTCCCAATGAGAGCGCGTTCTTCACGCGGTCCGGTCTCACGGCCTTGATGTGGGCCGCGCCGTAACGGGCGTCGGTGA",
                "GTGGCAGGAATCTGCCGCACGCCGAAAATGGCGGTGTTCAGCCAATGCCACCAGGTACTCAAGATCACGAATATTCATTATCCATCCTCCATCGCCACGATAGTTCATGGCGATAGGTAGAATAG",
                "GTTACTGAAAACTTATAAAAATCTATAAAATCTTATGTTTCATTCCTTTTTCGACGTATCTGCTTTGGTAATAGAAAAACTATTACTACTTACATTTGATATAATACTCCAAAGGCGTAAATTCC",
                "GTTCATTCATATCAAAGCTTTGGAACTGTGCTGTTTGAACGTTTACATTATTATGCATAACATTGCTTGATTGTGGCTGCACTGGTTGCTGCATATAAACTTGAGGTGGTGGTGTACTTTGACTT",
                "GTTGGTCTCTCTTATGAAGATCCAGCGGTTAAACTTTTAAATGACGGGGCTAACATCAAGGTAGTCTATCCAAAAGAAGGAACCGTCTTCCTACCTGCTAGTGCTGCTATCGTTAAAAAAGCCAA",
                "GTTGGTGAGCCAACTATTGTGTCAGGTAAGGTTATCGAAGTGCCACAACCTAGAAAAATCCGTCGTGGTAGCAAGTCTCTAGATGGCACAACGACTGAAGAATCTATTGTAGAGCTTCCATTTAA",
                "TAAAAATGGTATAATGAGGTCAGTTATAAGAAATGTATTGGAGAATTCATGAAAACAACAGTTGATTATATTACAAAACTTGCAAATATTCCTTCACCTACTGGCTACACAAGCCACATTATGAA",
                "TAAAACGGTTAATGATGTGAATACAATGCATTTGTGATCTGGATCGCGTTTTCCGTTTCTCTGACGCTGATTCGTTCACGCGTCAGAGAGTCGGTCACATCACGGTTTAATGACGTTCAGGGAG",
                "TAAAGGGTATAGAATCAAAGTTTAGTGGATAACAACCGAAAATCAATATATGATATGCTCGATTGCGTAAATATTTCAGCCTAAAATAGAGTTTGCAATCAATTGTACTAGTTTATGTGATTACT",
                "TAAATCCATAGACGAATATTTAAGTCTATATGGTGAAAGTCTAACTAGTGAAAATTTAATATTTGAATAGAGATATTGATGTTAATTTCCTGGGAGCATATGCATACCCGTTGTTTAGACTGTCA",
                "TAACCGCTCGCGTACTGGATCTGGCATCACCTATCGGTCGTGGTCAGCGAGGTCTGATTGTGGCACCGCCGAAAGCCGGTAAAACCATGCTGCTGCAGAACATTGCTCAGAGCATTGCTTACAAC",
                "TAACTTAAAACCAGCATCACGCGATGGCGGCACATGCCGCTGGCCCCGCAGCTGCACTGAGCCTCTTTCAGTGCCTGACCGTTCGCCAGCTGGGTGCGGACACCGTCACTGAAGGTGGCGATTAA",
                "TAATAGTTGTGTAACTCGATGGGGCTACTGTAAATAAGTAATAAGATCCCTTACATTTTATAATGGGGCTCGAATACAACTGCATATTACTAGTATAGAAAAAATACAGCCCTCTCTTGGCTCAG",
                "TACCCGCCCAGTGTAGCGCGGTATAACGCGTTGGCGGCATAGTTTCATACTGCATCACCCATTCAATCTTATTCAGATCGCTTTGCGAAACGGGTTTATCAGCCAACAGAGCCGCACGCACGGCC",
                "TACCGTTCTATCCACCTGTTAGTGAAACACGGGCATTACAAAGCGAAATGTTTTCTAGACCATTTGGCAGACAGCTCGATTTGCGTTTGGTTGAGGCCTACACGCAAGATTATGACAAGGCAAAA",
                "TACGCCTCGCTGGGTATCGACTGGCCGAAAGACAAGCTGAACATCTGGATCCTTGATGACGGCGGCAGGGAAGAGTTTCGCCAGTTTGCGCAAAACGTGAGGGTGAAATATATCGCCCGTACCAC",
                "TAGGTGTTTCACTTTCTGACATCAATCAGACCATTTCAACGGCGTTAGGTGGGACTTACGTTAACGACTTCATTGACCGTGGTCGCGTGAAAAAGGTGTATGTTCAGGCGGATGCCAAATTCCGT",
                "TATACTAGCTACTGAGAATGTAGAAGATACATTTCCTCTACCTATAGATTACATAAACCATGATAATGAATTATTTATGCTTAAAGTATCTGGTGAAAGTATGATTAATGCAGGAATTCATAATA",
                "TATAGATGCACCTATTTCGTCTTGAGATACTAAAGCACTATCCTCTAAATTATACTTTTCTTTTAAATCATTCATTATTTTAGATACTTTAGAACTATCTAAATCCTTTGATTTTATTTCGTATT",
                "TATCTGGCCTGGCAGTATGACCAGTCAGCATTCATTATCACAGGATTATTGCTGTATTAAGTAATAACGTGCTGTTTTGTGATTGATTTCATAAAACAAGACGTCGTTTAATATGCGCCTGAATA",
                "TATGAAGGTTTTATTAATATGTCATATAAATCTAATTTTATTTTTAGCGTAACTTTTAAGACTATAATATTTAATATACTTGCAATAACATATGCGCTTATAGTTCCAATAACTGCACCATAAAT",
                "TATGGCGTACAGTTCCACCCGGAAGTGACTCACACCCGCCAGGGTATGCGCATGCTGGAGCGTTTTGTGCGTGATATCTGCCAGTGTGAAGCCCTGTGGACGCCAGCGAAAATTATCGACGACGC",
                "TATTACAAAAGCTAAAAGCGAAGGCTTACGCCCTGTTTTAGGTCTTGAGTTGACGCTTATTTTACAGGAAAATCTTTCCTTAAGTGTGTACCTAATTGCGCGTGATACGACAGGTTACAAAAACT",
                "TATTCAATGGCTCCGAAGCATGTCAAAAAATCTATGGATGAAAATGATGAGTCTCCAAAAGAGTTGCGTATAAGAAATGATCACTACACTTTTACGTCTCCAGTCATTATAGTTTCTTCTATCAA",
                "TCATTGAAATTATTGTCGTTTGCGCACTGATATTTTTCCCGCTGGGCTATCTGGCGCGGCACTCTTTGCGACGCATTCGCGACACCTTACGTTTGTTCTTTGCTAAACCTCGTTATGTTAAACCG",
                "TCCGGCATTAATGAAAATGGCGGAGGATTTCATTTTGCCGAATTGTTCTGCGCCAAATAGATGATACGTCTCATCAGTTAACGGCAGGATCAGGCAAACGAAATCTGACTCTTGTAACAGTGTA",
                "TCGGTAGTTGCTACGATAGGTTTCACCCCTTCTAACTCCTCAATAGTACGTACAGCAACAGCAATAGAATTAACAAGTTCAACGCCCGTGAAAGCATCTTTTCTATCTGGATTATAAGTACTACC",
                "TGACTACAGTTACTATTTGCGCAACGTAAATCATATGGAAGACTATCAATGGGCACGAGCTGAGGCTGTTAATGCTAATCGTCTTGTTCCACTTATTAGCGTGGTTGCTGAAAAACGTAAAACAG",
                "TGAGAATGTCTTTAAGCGGGGCGACAAAATACACTTTCATAAACCGCCAGATATCCCGCTGAGTCAGGCCAATATTCATCGAAGAAAAATAAAGTCCAATAAGATCTTTATCGCGCCAACGACGT",
                "TGCATGAGAAACAGATTATTCTACTGACCGGGAATGATAGTGAGCGAGAAGCGCAGATTGAGCAGCAGCTACGCGAACTAACGTTACTGCCGCTCAATATTAAACATATGTCGGTAAAGGTATTT",
                "TGCCGTACTTGCACTACTTGCCGCCGTAGAGGCTACCGTTGCAGAGGATGATGAAGATTGTGCCGATTTATCCGCTGCTGTTGCTGAGTCCGCCGCTTTTAATGCAGAACTGGCAGAACTTGCTG",
                "TGGGACTGGGGCATCTTCATTGGTAGCTTCGTTCCGCCGCTGGTGATTGGTGTAGCGTTCGGTAACCTGTTGCAGGGCGTACCGTTCAACGTTGATGAATATCTGCGTCTGTACTACACCGGTAA",
                "TGGGATTTTATCAGCAACGTCAATAGCATAACCCGCAATGCGACGCTCTATGACGCGTTGAAAGCGATGAAGTTCGCCGATTTCGCCGTCTGGTCAGAGGCGCGTTTTAGCGGGATGGTCAAAAC",
                "TGGGGCGGTTTTGTGCTGGTGGCGCGGGTGTACAAACATATGGCGACCCTGCGTGAAACCGAAGACAAGCTGTACACGGATTTTCAAACCGTACTCGAAGGGCGCAAAGAGCTGACTCTGAACCG",
                "TGTGCCTTCGGGAACCGTGAGACAGGTGCTGCATGGCTGTCGTCAGCTCGTGTTGTGAAATGTTGGGTTAAGTCCCGCAACGAGCGCAACCCTTATCCTTTGTTGCCAGCGGTCCGGCCGGGAAC",
                "TGTTCGGCATGTTGGCAGCGAATCGGCGTTGGCGCGGCAACACCAAATGCCAGACGTAATTCGCTGAAATTGCCGTTATCCAGTCGGCAATGTGCGGCGCAGCCAATCGTTGAAATATCCATTGC",
                "TGTTGTGGAGCCTGAACCCGTTGTAGAAGAGACAAAACCCGCGCGTCCGCCGCTTTACTACTTTGAAGAAGTGGAAGAGAAGCGAGCCCGTGAACGTGAACAACTTGCGGCCTGGTATCAACCGA",
                "TTCCAACAGTATTCGAGGTCATGGGTGACGGTGAGCAAAGTGCGCTCGTCGGCGCGAAGCTGGTTGACGTAATCGACGAGCAGCGAGCGGGTGATCGGATCGATGGCGTTGCTTGGCTCGTCGA",
                "TTGCATCAGTAGCAGCAAAATGCGTCGTAAGGCATCGCGATCGCCGCGGCGCATATCGTGTGCTTTCAGATGATTGTTAATCAGCAGTTGCAGACCTTTACGCTTGATGGCAGGCAACACTGAAG",
                "TTGTTCTTTTAGCTCTTTTTCTTGACGTTTAATATAAGAAGCCGCTAATTTCTGAACGGAACTACGAGTATCTTCTTGTGCTAATGGTAACATTTCCAAAGCTTGTTCCGTTTCAAAAAGCGCCT",
                "TTTATAAAGAATATGGTGTTAACCCATATGCGACAATGCTTCCATTGGTTGTGCAATTGCCAATTTTGATGGCTTTGTACCAAGCATTGACTCGTGTTGCTTTCTTGAAAACAGGAACTTTCTTG",
                "TTTGGTGCCTCAAATGTCGCCACTTCATTTCCAATTATTGGAACCAGTTCTTAAGTCTGAAGGCTATGACTTTGATATGTTGCCAGCCCCAACTCGGGATGATGTAGAAACCGGTTTAAAATATA",
                "TTTTGATCCTTCGTATATCAATTTACATGGGAATGAAAGCCTCTATAATCTATTAGTTTGATGCTAAAGTAAACTTCTGTTCTCTCTTAAAATTATTATTATATTGATAAGCAAGCCTAGTTGA",
                "TTTTGATTATTAATCAAAAACATTAATTTCACCTGATCCATTTCACACTTTTAAATTCAGGTCGGAATCGTCACCTTTTTTTACTCTTTTCTCGCCTTGTTGATATTCCCGTTCACGGCAGAATT"
            ],
            [
                "versions.yml:md5,00f5aa7d07076e1bf6d835ddbc134cc5"
            ]
        ],
        "meta": {
            "nf-test": "0.9.2",
            "nextflow": "24.10.4"
        },
        "timestamp": "2025-05-29T16:20:59.15522571"
    },
    "mixed paired-end mini sample output should match snapshot": {
        "content": [
            [
                "+",
                "+",
                "+",
                "+",
                "+",
                "+",
                "+",
                "+",
                "+",
                "+",
                "+",
                "+",
                "+",
                "+",
                "+",
                "+",
                "+",
                "+",
                "+",
                "+",
                "+",
                "+",
                "+",
                "+",
                "+",
                "+",
                "+",
                "+",
                "+",
                "+",
                "+",
                "+",
                "+",
                "+",
                "+",
                "+",
                "+",
                "+",
                "+",
                "+",
                "+",
                "+",
                "+",
                "+",
                "+",
                "+",
                "+",
                "+",
                "+",
                "+",
                "+",
                "+",
                "+",
                "+",
                "+",
                "+",
                "+",
                "+",
                "+",
                "+",
                "+",
                "+",
                "+",
                "+",
                "+",
                "+",
                "+",
                "+",
                "+",
                "+",
                "+",
                "+",
                "+",
                "+",
                "+",
                "+",
                "+",
                "+",
                "+",
                "+",
                "+",
                "+",
                "+",
                "+",
                "+",
                "+",
                "+",
                "+",
                "+",
                "+",
                "+",
                "+",
                "+",
                "+",
                "+",
                "+",
                "+",
                "+",
                "+",
                "+",
                "+",
                "333AB=EGGE=CGDGGGGGGGGGGEGGG:FGGGGGGCGDDGGGD1CFDEEE<E1FFCDFGCGGBGCFGGGC//?CDDGGGAC0;CC:DBGGGEGGGGG@//CDEG@DGGG=@<EGGGEGGGGEGGC/GGE>GGGGGGFCEF1GFG@EGGGGGGCBBC>>GGDEGAB9EGGFGGDF@FDGGGGGFBEGGGGGGGBCGFGGGCCCCB",
                "33<AAFGGGGGGGGGGGGGGGGGGGGGGGGGGGGEGGGGGGGGGGDGGGGGGGGGGGGGGGGGGGGGGGGGGGGGGGGGGGGGGGGG;GGGGGGGGGGGBGGGGGGGG.EGGGGGGEGDEDDGGGGGGGGGFGGGGGGGGGGGGGGGGGGGGGGGGGGGGGGGGGGGGGGGGGGGGGGGGGGDGGGGGGGGGGGGGGGGGGGFGGGGGGGGGBBABB",
                "33<AB@GFGGGGGGGGGGGGGGGGEFGGGGGGGFGGGGGGGGFGGGGGGD>BGGFGGGGGGGGGGGGGGGGEGGGGGGGGGGGGGFGEGGGGGGGGGGGBG.FGGGGGGGGGGGGGGGGGBGGGGGGGGGGGGGGGGGGGGGGGGGGGGGGGGGGGGGGGGGGGFCGGGFFF<CGGGFGGGGGGGGGGGGGGGGDGCBBBA",
                "33>BBGGGGGGGBGEEGGGGGGGEGGGGGGGDDCGFFGGGCEGGEGEEGGGGGGGGGGGGGD<>CBEGG0@GGG/ED@FE=CFGGGGGGGA@GDDD>DDAG9EG@GGGG7DGG//EC7/CGDB/CGGGGGEGGGGGGGGDGGACGGGBFCGG@>F0BDEGGEGGGGGGGGGGGC1CGGGGGGGGGGGGEGGGGGGGDGFDEBGGGCCBAA",
                "33?B?EFFGG<<EG9FGGGDGGFGFGGDGGFG>GGG@GCGGGAFGGGCGGGG>E9EBB<FGGFDG>D@GGD>C<DEBDC?GCG//9EAGCGGG;GGGCEGGGGGGGGGDGG/EGGGGGC6CGG/8;DGEDGDAGA>DCC/DGGCGGADDDGEGDAFFGGDC:::C0GC>GDGBAAE<FBE9/B9>>DDG@B1>DGBCGFEGGGDC/GAABA3",
                "33A<AFGGGGGGGGGGGG>>FGDGGGG@DGGGGGEGDGGGEGGGGGAFGFCGGGCF@GG>GGGGGFB<FDGGFGGGGCGCGG>CGEGFDGGGGGEGGGGEBGGGGGGGGGGGGGEGDFB8FCDAGGGGGGGGGGGGGGGGGGFCF>GGGGGGGGGGFGGGGGGGGGGFGGGGGGGGFGG>GGGGGGGGGGGGEGGGGGGGGGGGGGGGGGFGEBBBBB",
                "33ABCEDEGGGGGGGGGGGGGGGGGGGGGCDGGGGGGGGGGGGGGGGGGGGGGGGGGGGGGGBGGGGGGGGGGGGGGGGGGGEGGGGGEGGGGGGEGGGGGGGGGGGGEGGGGGGGGGGGGGGGAGGGGGGGGGGFGGGGGGGGF1EEGEGGGGGGGGCGGGFGGGGGGGGGFGCGGGDGGGGGGGGGGB>1GGGGGCCCBA",
                "3:>BBDF>C>D1>F>FC@GEBF>D>FBGCGDDG:FBCCF@FEF:FFEC>DGGCFFGGGE>1:CGGGGE1FGGGGGE1FGGGGCGGGEGG<>C>@FFGA//9FGGGG>FCC@FBGCG.CGEGGCGGGGGGGEGECGGBGGGGDGFBGGGB@EGGGGEGGDGFBGDGCGGGDFCGEGEGGEGGDCD:BG<DFCGGGGGGFBDEGGGBAA:3",
                "3:A@BDGGGGGGGGGGGGGGGGGGGGGGGGGGGGGGGGGGGGGGGGGGGGGGGGGGGGGGGGGGGGGGGGGGGGGGGGGGGGGGGGGGGGGGDGGGGEGGEGGGGGEGGGGGGGGGBGGGGG>AGGCGGGGGGGGGGGGGGEGGGGGGGGGGGGGGGGGGGFGGGGGGGGGGGGGGGGGGGGGGGGGGGGGGGGGGDGGBGGGGEGGGGGCBCCC",
                "3<3A@EGGDFGEGEEGGGBBGG@GGG<:FFGG@:FGGGGGGGGGGDGAGC:>FGGC9FGGGGGGGGGFGGGGGGGFCDGGG=DGGG@EGGEGGEDG@EBGGDGGG/7DE/8CD.CGGG.8C.CD>DGGGGGGAGEEGGGGGGGGD>BGCGGGGGGGGEFCDF>FGGGGGGGGGGCEBGGEGF@GGGGF<AGGBEGFDGDEGGGFCF1BBCBB",
                "3<<@A>EDFGGGGGGGGGGGGGGGGGGGGGGGGFFGGGGGGGGGGGGGGGGGGGGGGGGGGGGGGGGGGGGGFGF>F<FDGGGG@GGGGFGGGGGGGDGGG<CGGGGB;AGCGDGGGGGBC.8@GGGGGGGGGGGGEGGGGGGGGGGGGGGGGGGGGGGGGGGGGGGGGGGGGGGGFGE9GGGGGGGGGGGGGGGGGGGGGB?CBB",
                "3>>ABGGGGGGGGGGGGGGGGGGGGGGDFGBGGGGGEFGGGGGGGGGGGGGGGGGGGGGGGGGGGEGGGGGGGGGGGGGGGGGGGGGGGGGGGGGGGGGGDDA>GGCE=FDDGGGGGGGD/DGGGGGGEFC1GGGGGGGGGGGGGGGGGEE==GEGGGGGFGGGGGGGGGGGGGGGGGGGDFFGGGGGGEGEGGGGGGGGGGGGFGGGGGGCCCCC",
                "3>ABBGGGGGGGGGGGGGGGGGGGGGGGGGGGGGGGGGGGGGGGGGGGGGGGGGGGGGGGGGGGGGG0?FFGGGGGGGGGGGGGGGGGGGGGGGGGDGGGGGGGGGGGGGGGGGGGGGGGGGGGGGGEGGGGGGGGGGGGGGGGGGGGGGGGGGGGGEGGGGGGGGGGGGGGGGGGGGGGGGGGGGGGGGGGGGGGGGGGGGGGGGGGGGGGBCBBB",
                "3>BB?FEGGFGGED>GGGGGCGGGGEBFFFCFFEGGGGGECGE>EBFGGGGCGGGF>EBDGGGGGGGGGGGGGGDBCGGGGG@GG@GGGEGGGBD>FGGCDGGGDDADDGG<CG@DDEGGGGGGGGFF=GBGGFBGGBGGGGGGEAGGGGGGGBGEGGGGGGGGGGGGGGGGGEFGGGGGGGGGGGGGGGGGGGGGFGGCGGGGGGGDE=BABA?",
                "3@BBBGFGGGGGGGGGAGFGGGGGEGGGGGGGGGGGGGGGGGGGGGGGGGGGEGGFC:FGEGGGGGFGGGGGGGGGGGGGGGGGGGGGGGGGGEGGGGGGEEGGEBGGB<DGGGGG@GDGGG.CBGGEFDGGGGGGGGGGGGGGGGGGFGGGGGGGGGGGGGGGGGGGGGGGEGGGGGGGGGGGGGGGGGGGGGGGGGGGGGGGGGGGGGGGGGCCBCB",
                "3@BBBGGGGGGGGGGGGGGGFGGGGGGGGGGGGGGGGGGGGGGGGGGGGGGGGGGGGGGGGGGGFGGGGGGGGGGGGGGGGGGGGGGGGGGGGGGGGGGGGGGGGGGGGGGGGGGGGGGGGGGGGGGGGGGGGGGGGGGGGGGGGGGGGGGGGGGGGFGGGGGGGGGGGGGGGGGGGGGGGGGGGGGGGGGGGGGGGGFGFGGGGGGGCCCBB",
                "3@BBBGGGGGGGGGGGGGGGGGGGGGGGGGCGGGGGGGGGGGGGGGGGGGGGGGGAGGGGGGGGGGGGGGGGGGGGGGGGGGGGGGGGGGGGGGGGGGGGGGGGGGBDGGGGGGGGGGGGGGDGGGGGGGGGGGGGGDBGG?/GGCBGGGGGGGGGGGGGBGGGGGGGGGGGGGGGGGGGGGGGGGGGGGGGGGGGGDGGGC<GGGGGGGGBBBBB",
                "3@BBBGGGGGGGGGGGGGGGGGGGGGGGGGGGGGGGGGGGGGGGGFGGGGGGGGGGGGGGGGGGGGGGGGGG/CEGEGEGDGDGDEG@GGGGGGGGGGGDEGGGGGGEGGGG:GBGGGGGGGGEGGGGGGGGGGGGGGGGGGGGGGGGGEGGGEGGEGGGGGGGGGGGGGGGFGGGGGGGGGGGGGGGGGGGGGGGGGGGGGGGGGGGGCCCCC",
                "3@BBCGGGGGG/EGGGGGGGGGGGEGGGGGGGGGGGGGGGGGGGGGGGGFGGGGGGGGGGGGGGGGGGGGGGFGGGGGGGGGGGGGGGGGGGGGGGGGGGGGGGGGGGGGGGGGGGGGGGGGGGCGGGGGGGGF>GFGGGGGGGGGGGFGGEGGGGGGGGGGGGGGGGGGGGGGGGGEGGGGGGGGGGGGGGGGGGGGCBCCC",
                ":3AB0@CDF>FCBDGGGFGGGGGFCGEF@FCGG@@>FCGGGGGGGGGEDG>BFGFGGGGFGGGGGGGFGGGDGGGGFGGGEGGGGBF=F@:FFGGGEC@GGGCFGGCDGGGEFGGG@C>BFGFGG1GGGGGGGFFGCCDFDEFF1FEGGGGGEEGGGGGGDBGGGGDGGGGGGFGFDBGF<>GGGGGGGGGGGEGGGGGDCGGGGGGGEGGCCCCB",
                ":::BBGGGFGGGGGGGGGGGGGGGGGGGGGGGGGGGGGGGGGGGGGGGGGGGGGGGGGGGGGGGGGGGGGGGGGGGGGGGGGGGGGGGGGGGGGGGGGGGGGGGGGGGGGGGGGGGGGGFGDGGGGGGGGGGGGGGGGGGGGGGGEGGGGGGGGGGGGGGGGGGGGGGGGGGGGGGGGGGGGGFGGGGGGGGGGGGGGGGGGGGGGGBBCBB",
                "::@BAEEGGEGGGGGGGGGGGGGGGGGGGGGGGGGGGGGGGGGGGGGGGGGGGGGGGGGGGGGGGGGEGGGCGGGGGGGGGGGGGGGGGGGGGGGGGGGGGGGDGGDGGGG>CGGAGGGGGGGGGC>GGGDGGGGGGGGGGGGGGGGAFGGGGGGGGGGGGECGGGGGGGGGGGGGGGGGFGGGEGGGGGGGGGGGGGGGGGGGGBBCCB",
                "::@BBGGGGGGGGGGGGGGGGGGGGGGGGGEGGGGGGGGGGGGGGGGGGGGGGGGGGGGGGGGGGFGGGGGGGGGGGGGGGGGGGCCGGGGGCCGGFGGGGGGGGGGGGDCGGGGDGGGGDGGGGGGGGGGGGGGGGGGGGGGGGGGGGGGGGGGGGGGGGGGGGGGGGGGGGGGGGGGGGGGGGGGGGGGGGGGGGGGGGGGGCCCBB",
                ":<3A0>CFGGGGE@GGGGGGGDDEGGGEFDGGGGGEGGCGGGEGGGGGGGGBGGGGGGGGFEFGGGFGGGGGGGGGGGGGGGGGGGFGGGGGGGGFGG0DGGGGGGGGGGGGGGGGCGG@C.88DGGGGGGGGGGGGFGGBGGGGFDGGGGFGGGGGGGG>GFCGEGGGGGGGGGGGGGGGGEGGFGGGGGGGGGGGGGGGGDGGGGGGGGGGGCCCCC",
                ":<@BBGGGGGGGGGGGGGGGGGGGGGGGGGGGGGGGGGGGGGGGGGGGGGGGGGGGGGGGGGGGGGGGGGGGGGGGGFGGGGGGGGGGGGGGGGGGGGGGGGGGGGGGGGGGGGGGGGFGGGGGGGGGGGGGGGGGGGGGGGGGGGGGGGGGGGGGGGGGGGGGGGGGGGGGGGGGGGGGGGGGGGGGGGGGGGGGGGGGGGGCCCCC",
                ":>BB@GGGG1C@FGGGGGGGGGC>C<GGGGGECFGGGGGGCGFBFFGCGGGDGGGGGGGGGGGGGGGG?FBGGGGGGGGGGGGABGGGBGEGGGGE0FGB?CGGGGGGGGGG@GEBEGGD8CDBGGGGGEGGGGGGGGGGGGGGFDCGGGGGGGGFGGGGGGF>GCGGGGGGDGGEGDGGGGGGGGGGGEGGGFFGGGFGGGBBBBB",
                ":@AAADFGGGEGGGGGGGGGGGGGGGGGGGGGGGGGGGGGGGGGGGGGGGGGBFGGGGGGGGGGGGGGGGGGGGGGGGGACGGGGGGGGGGGGGGGGGGGGGGGCAGGGGGGGDDACGEGEGEEDGGGGGGGGGGGGGGGGDGGGGGGGGGGGFGGFGGGGGGGGGGGGGGGGGGGGGGGGGGGGGGGGGGGGGGGGGGGGGGCCCCC",
                "<33<:FC>BGGG>@CBG<EGDFCGEDFEDBBEDE<B:BFD<B@FGGCGGGGG1FGG11E>GBG>0CCCFCB@FGDGC9FCGDBFDFG0FD@DGGGFEA8DGDGGGG.CDBDGDGG:6C.DE=GGEDFC=GFDBAGGGFGGGGGGGFBCEGGGGGGGGFBD@>F1GGGGGGGDFFCF@BGGGGDGGGBGGGGFEFGDEEGGBDGGGGGGGGCGB@BBB",
                "=3:A=EFGGGGGGGGGGGGGGGGGGGGGGGGGGGGG<FEGGGGGGGGGEGGGGGEGGGGGGGEGGGGGGGGGGGGGGGG@GGGGGGGGGGGGGFBGGFGGGGGGGGGBGGGGGEGGGBGGGGEDEEF>GG0FEGGGGGGFEGGGFFBFGGF>DCGGGGGGGGGGGGGGGGGGDGGEGGGFGGGGGFCGCF1GGGGGGGGFGGA?A3A",
                "=>=BBGFGGGGGGGGGGGGGGGGEGDGGGGGGGGGGGGGGGGGGGGGGGGGGGGGGFCGGGGGGGDGGGGGDDG=CEGG=DGGGGGGGGGGGGGGGGGGGGDEGGGGGGBGGGGEGGGGGGGDGCGGGGGGBGGGCGGGGGBGGGGGGGGGGGGGGGGGGGGGGGGGGGFG@FECGGGGGGGGGGGGGGGGGGGGEEFGGGGGGFFBBBBB",
                "=@ABBG>DDFEGGCG1C@EEGGGGGGGGGGEGG/CCD@@FGGCGGGGGGEGF>BC:FFGDECG<BDEFEGGGGEGGEGGGGGGGGGGGGGAFDGGGGGGDFGGGGGGEGGGGGGGBCEG=EGEGGGGGGGGDECGGGGGGB9/BGE9E<@GECGGGGGGFEGGGGGGGDFF>FGGFBE<GGGGCGGGGGDCFFEGGGGFGB>GDGGGGGGGGGABABA",
                "=@B@B<GGGGGGGEGGGGGGGGGGGGGGGGGGGGGGGGGGGGGGGGGGGGGGGGGGGGGGGGGGGGGGGGG>GGGGGGGGGGGGGGGGGGGGGGGGGGGGGGGGEGGGGGGGGGGGFGGGFGEGGGGGGEGGGGGGGGEGGGGGGGGGGGGGGGGGGGGGGGGGGGGGGGGGGGGGGGGGGGGGGGGDGGGGGGGGGGGGGGGGGGGGGGBBBBB",
                "=@BBBFGGGGGGGGGGGGGGGGGGGGGGGGGGGGGGGGGGGGGGGGGGGGGGGGGGGGGGGGGGGGGGGGGGGGGGGGGGGGGGGGGGGGGGGGGGGGGGGGGGGGGGGGGGGGGGGGGGGGGGGGGGGFEEGGGGGGGGGGGGGGGGGGGGGGGGGGGGGGGGGGGGFGGGGGGGGGGGGGGGGGGGGGGGGGGGGGGGGGGGGGGGGGGBBBBB",
                "=BBBCGGGEGGGGGGGGGGGDBEGGGGGGGGGGGGGGGGGGGGGGGGGGGGGGGGGG>GGGGGGGGGGGGGGGGGGGGGGFGGGGGGGGGGGGEGGGGGGGGGGGGGGGGGEEEGGGGGGGGGGGGGGGDGGD0EGGFGGF0GGGGGGGGDGGGAGGGGGGGGGGGGGGGGGGGGGGGGGGFGGEGGGGGGGGGGGGGGGGGGGGGBBCCC",
                "?33AAFGGGGGGGGEGGGGGGGGGGGGGGGGGFGGGEGGDGFGDGGGGGGGGGGGGGGGCGEGGGGGGGGG>FGBGGGGGGGGGGGGGGGG@GGGGGGGGGGGGGGC0@FEGGGFGGGGGFEGGGGGGGDGGGGGGGGGGGGGGGGGFDEGGGGGGEFGGGDGGGGGGGEGGGGGGGGGGGGGGGGFGFEFFGGGGGGGGGFGGGGGGBCBBB",
                "?:@BBEGGGGGGGGGGGGGGGGGGGGGGGGGGGGGGGGGGGGGGGGGGGGGGGGGGGGGGGGGGGGEGGGGGGGGGGGGGGGGGGGGGGGGGGGGGGGGGGGGGGG>GGGGGGGGGG@GFGGGGGGGGGGGGGGGGGGGGGGGGGGGGGGGGGGGGGGGGGGGGGGGGGGGGGGGGGGGGGGGGGGGGGGGGGGGGGGGGGGGGGGGGGCCCCC",
                "?:BBCGGGGGGGGGGGGGGGGGGGGGGGGGGGGGGGGGGGGGGGGGGGGGGGGGGGGGGGGGGGGGGGGGGGGGGGGGGGGGGGGGGGGGGGGGGGGGGGGGGGGGGGGGGGGGGGGGGGGGGGGGGGGGGGGGGGGGGGGGGGGGGGFGGGGGGGGGGGGGGGGGGGGGGGGGGGGGGGGGGGGGGGGGGGGGGGGGGGGCCCCC",
                "?>BBBCGGGGGGGGGGGGGGGGGGGGGGGGGGGGGGGGGGGGGGGGGGGGGGGGGGGGGGGGGGGEGGGGGGGGGGGGGGGGGGGGGGGGGGGGGFGGGGGGGGGGGGGGGFGGGGGGGGGGGEGGGGGGGGGGGGGGGGGGGGGGGGGGGGGGGGGGGGGGGGGGGGGGGGGGGGGGGGGGGGGGGGGGGGGGGGGGGGGGGGGGCCCCB",
                "@3AABEGGGGGGGGGG1FGGGGGFGGGGGGGGGGGGGFGGEGGGGGGGGGGGGGGGGGGGGGGGGGGGGGGGGGGGGGGGGGGGGGGGGGGGGGGGGGG@GGGGGGGGGGGGFGGGGGFGFGFGGGGGGGGGFGGGGGGGGCFGGGGGGGDGBGGGGGGGGGGGGGGGGGGGGEGGGGEGGGGGGDGGGGGGGGGGGGGBCBCC",
                "@>BBCFFGGGGGGGGGGGGGGGGGGGGGGGGGGGGGGGGGGGGGGGGGGGGGGGGGGGGGGGGGGGGGGGGGGGGGGGGGGGGGGGGGGGGGGGGGGGGGGGGGGGGGGGGGGGGGGGGGGGGGGGGGGGGFGGGGGGGGGGGFEEGGGGGGGGGGGGGGGGGGGGGGGGGGGGGGGGGGGGGGGGGGGGGGGGGGGGGGGGGGBBCBB",
                "@@?BBEGGGGGGGGGGDGGGG<EFEFGGGCGGECFGEGGEGGGGGGGGGGGGGCGGEGGGADDB@@CEFEGG/:EGGGDEGGGGGGGDGGGGG<GGDCGEEGGGGGG@GBDGGGDDGEBGGBGDGGGGGGGGGGGGGE9/@GGGGGBGGGGGCGGGGGGGGGGGGGGGGBGEGGGEGGGGGGGGG@GGGGGGGGGGGGGGGG<GGGGGGGGGBBBBB",
                "@@ABBGGGFGGEGGGGGGGGGGGGGGGGGGGDGG@GGGDG1BFBFGGG<GGCFFEGDBDE/=EGCEGGGGGGEGGGGG0FGG>0:CFGF0;E0CBFDFE00BCGDF@F=GGGGGG=GGGGGGGGGGGGG>GGBEGGGGGCGG<GGGGGGFFFFF=GC1CGCGGGGEC@BGGGEGDDGFDBBGGGGGGDGCGFBGCGGEEGGGGGGGGBGGGGG@ABBB",
                "@@ABCGGGGGGGGGGGGGGGGGGGGGGGGGGGGGGGGGGGGGGGGGGGGGGGGGGGGGGGGGGGGGGGGGGGGGGGGGGGGGGGGGGGGGGGGGGGGGGGGGGGGGGGGGGGGGGGGGGGGGGGGGGGGGGGGEGGGGGGGGGGGFGGGGGGGGGGGGGGGGGGGGGGGGGGGGGGGGGGGGGGGGGGGGGGGGGGGGGGGGGGGGGGGGGGGGCCBBB",
                "@@BABFEFGGGGGGGGGGGFGGGGGGGGGGGGGGGGGGGGGGGGBGGGGGGGGGGGGGGGGG9FGGEG@GGDGGGGGGGGGGGGGGEGGGGGGGGGGGGGGGGGGGEGGGDGGDGGGGGGDGGGGGGGFGGGGGDGDGGGGGGGGGGGGGGGGGGGGGGF>GGGGGGGGGGGGGGGGGGGFEFDGGGGGCGGGGGGGGGCCCBB",
                "@@BB=FGFDFF>FG>@F1EGGGGBFGCECFGGGGGGEGBGGCGFGGEGGGGEGGGEGGGGGGGGGGGGGGGGGGGGGGGGGGGGGGGGFGFGGGGGCDFGGEGEGGB;GEGEGD6G@GEGBE=@DBGGGGGF:F0E@GGGGGGFF=GCGEGGGGGGGGGGGGGGGGGGGEGGGGGGGCGG<BFEGGGGGGGFGGEGEDFF0GDGGF1GCGGGBBCBB",
                "@@BBAFCDGGFGGGGGGCECFGGGFA@GE>EDG@FGGGGGGFGGGG/CGFBGGGGG0FGGEGCGGGGGBDEGGGGEEGGGCCGGGGG=DGGGGGGGGGGG;CCGGGA?DGDDD@EBDBGGC@GD>GGGGFGGGGD>GFECFE1GGGGGGGGGGGEGGGCF=1GDDGGGE<F>GGGGGGCB>DGGG>GECFFGGB;GGGGEBABBA",
                "@@BBAFFGGEGGGGGGGGGEFGGGGGGGGGGGGGGGGGGGGGGGGGGGGGGGGGGGGGGGDGGGGGGGGFGGGGGGEGGGGGGGGGGGGGGGGGGGGGGGGCGGGGGGDGGGGGGGGGGGGEGGGGGGGGGGGGGGGGGGGGGGGGGGGGGFGFEGGGGGGGGGGGGGGGGGDGGGGGGGGGGGGGGGGGGGGGGGGGGGGGGGGGGGGCCBCC",
                "@BBCBGGGGGGGGGGGGGGGGGGGGGGGGGGEGGGGGGGGGGGGGGGDEGGEGGGGGGGGGGGGGDCGGGGGGGGGGGGGGGGGGGFGGGGGGGGGGGGGGGGGGGGGGGGGBGGGGGGGGGGGGGGGGGGGGGGGGGGGGGGGGGGGGGGGGGGGGGGGGGGGGGGGGGGGGGGGGGGGGGGGFFGGGGGCGGGGBFGGFGGFGGGGGGGGGGCCBBB",
                "@BCBBFGGGGGGFGGGGGGGGGGGGGGGGGGGGGGGGGGGGGGGGGGGGGGGGGGGGGGGGGGGGGGGGGGGGGGGGGGGGGGGGGGGGGGGGGGGGGGGGGGGGGEGGGGGGGGGGGGGGGGGGGGGGGGGGGGGGGGGDGGGGGGGGGGGGGGGGGGGGGGGGGGGGGGFGFGGGGGGGGGGGGGGGGGGGEGDFGGFGGGGGGCCBBB",
                "@ERR10889188.1037971/1 merged_125_83",
                "@ERR10889188.106986/1 merged_125_89",
                "@ERR10889188.1085013/1 merged_125_90",
                "@ERR10889188.11211/1 merged_125_85",
                "@ERR10889188.1201236/1 merged_125_78",
                "@ERR10889188.1221391/1 merged_125_92",
                "@ERR10889188.1224597/1 merged_125_84",
                "@ERR10889188.1227469/1 merged_125_81",
                "@ERR10889188.1241712/1 merged_125_84",
                "@ERR10889188.124625/1 merged_125_81",
                "@ERR10889188.1281620/1 merged_125_81",
                "@ERR10889188.1286235/1 merged_125_91",
                "@ERR10889188.1314281/1 merged_125_94",
                "@ERR10889188.1333459/1 merged_125_78",
                "@ERR10889188.1347982/1 merged_125_91",
                "@ERR10889188.1351664/1 merged_125_87",
                "@ERR10889188.1375284/1 merged_125_77",
                "@ERR10889188.1403019/1 merged_125_91",
                "@ERR10889188.1404507/1 merged_125_90",
                "@ERR10889188.1418147/1 merged_125_85",
                "@ERR10889188.1458289/1 merged_125_83",
                "@ERR10889188.1468297/1 merged_125_92",
                "@ERR10889188.1482237/1 merged_125_80",
                "@ERR10889188.1484564/1 merged_125_94",
                "@ERR10889188.1493287/1 merged_125_84",
                "@ERR10889188.1510700/1 merged_125_80",
                "@ERR10889188.1519409/1 merged_125_92",
                "@ERR10889188.1543129/1 merged_125_76",
                "@ERR10889188.1557330/1 merged_125_94",
                "@ERR10889188.1592/1 merged_125_83",
                "@ERR10889188.1612768/1 merged_125_82",
                "@ERR10889188.1630907/1 merged_125_92",
                "@ERR10889188.1638365/1 merged_125_88",
                "@ERR10889188.1664461/1 merged_125_88",
                "@ERR10889188.1746931/1 merged_125_90",
                "@ERR10889188.1801390/1 merged_125_87",
                "@ERR10889188.1807502/1 merged_125_84",
                "@ERR10889188.1822252/1 merged_125_94",
                "@ERR10889188.1828291/1 merged_125_93",
                "@ERR10889188.1829328/1 merged_125_91",
                "@ERR10889188.1839125/1 merged_125_77",
                "@ERR10889188.1862615/1 merged_124_83",
                "@ERR10889188.1868078/1 merged_125_77",
                "@ERR10889188.1894233/1 merged_125_86",
                "@ERR10889188.1898903/1 merged_125_92",
                "@ERR10889188.191934/1 merged_125_90",
                "@ERR10889188.1961990/1 merged_125_89",
                "@ERR10889188.203188/1 merged_125_86",
                "@ERR10889188.205218/1 merged_125_86",
                "@ERR10889188.2052261/1 merged_125_79",
                "@ERR10889188.2055318/1 merged_125_94",
                "@ERR10889188.2079578/1 merged_125_94",
                "@ERR10889188.2084111/1 merged_125_79",
                "@ERR10889188.209172/1 merged_125_94",
                "@ERR10889188.2096121/1 merged_125_82",
                "@ERR10889188.2107806/1 merged_125_94",
                "@ERR10889188.2178122/1 merged_125_84",
                "@ERR10889188.2180270/1 merged_125_93",
                "@ERR10889188.2192655/1 merged_125_87",
                "@ERR10889188.2225804/1 merged_125_93",
                "@ERR10889188.2237532/1 merged_125_77",
                "@ERR10889188.2245284/1 merged_125_93",
                "@ERR10889188.2247872/1 merged_125_89",
                "@ERR10889188.236680/1 merged_125_88",
                "@ERR10889188.255085/1 merged_125_82",
                "@ERR10889188.266186/1 merged_125_89",
                "@ERR10889188.270731/1 merged_125_90",
                "@ERR10889188.284240/1 merged_125_83",
                "@ERR10889188.30/1 merged_125_36",
                "@ERR10889188.30511/1 merged_125_80",
                "@ERR10889188.308286/1 merged_125_86",
                "@ERR10889188.309446/1 merged_125_89",
                "@ERR10889188.314039/1 merged_125_85",
                "@ERR10889188.356741/1 merged_125_91",
                "@ERR10889188.359254/1 merged_125_78",
                "@ERR10889188.363853/1 merged_125_85",
                "@ERR10889188.378563/1 merged_125_87",
                "@ERR10889188.389285/1 merged_125_84",
                "@ERR10889188.401277/1 merged_125_93",
                "@ERR10889188.407352/1 merged_125_92",
                "@ERR10889188.489837/1 merged_125_77",
                "@ERR10889188.515261/1 merged_125_91",
                "@ERR10889188.626293/1 merged_125_86",
                "@ERR10889188.628866/1 merged_125_91",
                "@ERR10889188.630900/1 merged_124_85",
                "@ERR10889188.668360/1 merged_125_93",
                "@ERR10889188.688470/1 merged_125_83",
                "@ERR10889188.700716/1 merged_125_82",
                "@ERR10889188.717359/1 merged_125_87",
                "@ERR10889188.755014/1 merged_125_86",
                "@ERR10889188.782250/1 merged_125_79",
                "@ERR10889188.817590/1 merged_125_93",
                "@ERR10889188.825201/1 merged_125_91",
                "@ERR10889188.830932/1 merged_125_81",
                "@ERR10889188.854873/1 merged_125_88",
                "@ERR10889188.856398/1 merged_125_90",
                "@ERR10889188.859844/1 merged_125_94",
                "@ERR10889188.883375/1 merged_125_92",
                "@ERR10889188.896627/1 merged_125_90",
                "@ERR10889188.949222/1 merged_125_85",
                "@ERR10889188.968671/1 merged_125_94",
                "A33AAFFGCFGGGGGGGGGGGGGGGGGGGGGGGGGGGGGGGGGGGGGGGGGGGGGEGGEGGGGGGGGGGGGGGGGGGGGGGGGGGGFGGGGGGGGDGGGGGGGGGFFGCGGGGGGGEGFGGGEFGGEGGGEGGGGGGGGGGGGGGGGGGGGGGEGGGGGGGGGGGGGGGGGGGGGGGGGGGGGGGGGGGGGGGGGGGGGGCBBBC",
                "A3:AB>CGGGGGGGGGFFDGDGFGGGFGGGGGGEGGGGGGGGGGGGGGEGGGGGGGGGGGGGGGGGGGGGGGGFFGGGGGGG>GGGGGEDGGGCGGBGGGGCGGGGGGGGG=EGGGG@EGE.9CGGGGGC@GGCGGGGGGGG<GDGEGGGGGGGDGGGGGGGGBGGGGFGFGGGGGGGGGEGGGGGGGGGGGGGGGGGGGGGFDCCBBB",
                "A3<0<;=EGGG;FGGGGCGGGBGGGGGGGGGGGGGGGCFGGGGGGGGGGGFGGDFGGGGGGGGGGGGG9>FGGFGGGGGGGFGFCGCCFGCFGGGGGGGGGGGGGGDGGGG<GGGGGGGGDGGGGGGGGGGGCADAGDADGGGGFGGGFGGGGGGGGGGGGGDGGGGGGGF=GFCGFGGGGGG<GGGGGGGGDAGGGGGFGGGGGGFCGBABAA",
                "A3>:AGGGGGGGGGGGGGGGGGGGGGGGGGGGGGGGGGGGGGGGGFGGGGGGGGGGGGGGGGGFGGGGGGGGGGGGGGGGGGGGGGGGCGEGGGGGGDGGEEGGGGGGGGGEGGGGGGGGGGGGGGGGGFGGDGFBGDBGGGGGGGGGGGGF@GGGGGGGGGGGGGGGGGGGDGGGGGGGGGGGGGGGGGGGGG>GGGGGGGGGFGEGGBCBCC",
                "A3>BBCFGGGGGGGGGGGGGGGGGGGGGGGGGGGGGGGGGGGGGGGGGGGGGGGGGGGGGGGGGFGGGGGGGGGGGFGGGGGGGGGGGGGGGGGGGGGGGGGGGGFGGGGGGGGGGGGGDEGGDGGGGGGGGGGGGGGGGGGGGGGGGGGGGGGGGFGGGGGGGGGGGGGGGGGGGGGGGGGGGGGGGGGGGGGGGGGGGFGGGGCCCCC",
                "A3@ABGGGGGFGGGGGGGGGGGGGGGGGGGGGGGGGGGGGGGGGGGGGGGGGGGGGGDGGEGGGGGGGGGGGGGGGGGGGGGGEFBF<>EGGDGGGGGGGGGGGGGDGGGGGGGGGGGGGGGGGCGGGGGGGBGGGGGDGGGGGGGGGEGGGGGGGGGGGGGGGGGGGGGGGGGGGGGGGGGGGGGGGGGGGGGGGGGGGGGGGGGGGGGGGGGCCBBB",
                "A:3BBFGGFGGGGGGGGGGGGDEBGGGGGGGGGGGGGGGFGGGGGEGEGGGGGGGGGGGGGGGGGGGGGFGGGGGGGGGEGGGGGGGGGGGGGGGGGGGGGGGGGGGGGGGBD@EGGGGGGGGGGGGGEGGEGGEGGEFGGGGGGCGG>GGGDGGGGGGGGGGGGGGGGGEGGGGGGGGGFGGGGGGGGGGGGGGGGGGGGGGCCCCC",
                "A:>:AEGCFFGGGGGGGEGGGGGGGGGGGGGGGGGGGGGGGGGGGGGGGGGGGGDGGGGBGFGGGGGGGGGGGGGGGGGGGGGGCGGGGGF>GGGGG@FGGGGGGDFEGGC@DDDDGGGGEGGGGGGGGF>GEFDBEGGBFGGGGGGGGFGGGAGGGCGGGGGGGGGGFGGGGGGGGGGGGGGGGFCB>C@1GGGFGBBA?B",
                "A:AABGGGGGGGGGGGGGGGGGGGFBGGGGGGGGGGGFGGGGGGGGGGGGGGGGGGGGGGGGGGGGGGGGGGGGGGGGGGGGGGGGGGGGGGGGGGGGGGGGGGGGGGGGGGGGGGGGGGGGGGGGGGGGGGGGGGGGGGGGGGGGGGGGGGGGGGGGGGGGGGGGGGGGGGGGGGGGGGGGGGGGGGGGGGGGGGGGCCCCC",
                "A>=BBGGGGGGGGGGGGGGGGGGGGGGGGGGGGGGGGGGGGGGGGGGGGGGGGGGGGGGGGGGGGGGGGGFGGGGGGGGGGGGGGEGGGGGGGGGGGGGGGGGGGGGGGGGGGGCGGGGGGGGGGGGGGGGGGGGGGGGGGGGGGGGGGGGGGGGGGGGGGGGGGGGGGGGGGGGGGGGGGGGGGGGGGGGGGGGGGGGGGGGGGBCCBB",
                "A>>?AFCFGEG>FGGGGGGGGGGGGGGGGGGGGGGGGGGEFCFGGFGGDGGGGGG=GGGGGGGGGGGGGGGGGGGGGGGGEBDGF<DDEEGGGGGCGGGGGCGGGG=GEEGDBBGGGGGGGEGGBGGGFGGGGGGGGGGGGGGGGGGGGF>GGGGGGCGGGGGGGGGGGGGEGGGGGGGGGGGGGGGGGGGGGGGGGGGGGGGGGEGBBBAB",
                "A>>ABGGGGGGGGGGGGGGGGGGGGGGGGGGGGGGGGGGGGGGGGGGGGGGGGGGGGGGGGGGGGGGGGGGGGGGGGGGGGGGGGGGGGGGGGGGGG?FGGGGGGGGGGGGGGGGGGGGGGGGGGGGGGGGGGGGGGGGGGGGGGGGGGGGGGGGGGGGGGGGGGGGGGGGGGGGGGGGGGGGGGGGGGGGGGGGGGGGGGGGGGGBCBBA",
                "A>@BB@DGGEGGGGGGGGGGGGGGGGGGGGGGEE=CGGGGGGGGGGGGGGGGGGGGGGGGGGGGGGCFGDGGAGGGGGGGDGGGGGGGBGGGGG@AGEGGBGGGGGGGGGG@GCDGGEDGEGGD@GGGGGGGGGGGGGGGGGGGGGGGGGGGGGGGEGGGGGGGGFGGF1GGGFFGGGGGGGGGGGGGGGCDGGGGDGFFBGGF=>/DFF0?@BB",
                "A>BBCGGGGGGGGGGGGGGGGGGGGGGGGGGGGGGGGGGGGGGGGGGGGGGGGGGGGGGGGGGGFGGGGGGGGGGGGGGGGGGGGGGGGGGGGGGGGGGGGGGGGGGGGGGGGGGGGGGGGGGGGGGGGGG>EGGEGGGGGGGGGGGGGGEGGGGGGGGGGGGGGGGGGFGGGGGGGGGGGGGGGGGGGGGGGGGGGGGGGGGGGGGGGGGGCCCCB",
                "A>BBCGGGGGGGGGGGGGGGGGGGGGGGGGGGGGGGGGGGGGGGGGGGGGGGGGGGGGGGGGGGGFGGGGGGGGGGGGGGGGGGGGGGGGGGGGGGGGGGGGGGGGGGGGGGGGGGGGGGGGGGGGGGGGGGGGGGGGGGGGGGGGGGGGGGGGGGGGGGGGGGGGGGGGGGGGGGGGGGGGGGGGGGGGGGGGGGGGGGGGGGBCCCB",
                "A@@BBGEGGGGGGGGGGGGGGEDGGGGGGFGGGGGGGGGGGGGGGGGGGGGGGGGGGCD1CGGGGGGGGGGGGGFFGGGGGGGGGEGGGGGGGGGCFGGGGGG@BGGGGGGGGGGGGGGGGGGGGGGGGGGGGCGGGGGGGGGGGGGEGGGGGGGGGGGGFGGGGGGGGGGGGGGGGGGGGGFGGGGGGGGGGGGGGEGGGGGABCBB",
                "A@ABBFGGGGGGGGGGGEGGGFF=FGGEGGCE0CFDEDGGGGFGCFGGFGGFFDCGDGG/0EGGG>GGGACBGGGGGGG09FGGGGGGGGDGDDGGG=CGGEGED=EGGGEGGGGD<DGGGGG.CGGGGE9/GCGFGGGGGGGGGGGGGGFC1CGGGGGGGGGGCGGEGGGGGEGGGGGGGDGGGCGGGGGGGGGGGGGEGBEEFGEGGGGGGCBBBB",
                "A@ABBGFDFDFGGGGGGCGGGGGGGGGGGGGGGGGGFGGGGGGGGGGGGGGGGGGGGGGGGGGGGGGGGGGGGGGGGGGGGGGGGGGGGGGGGGGGGGGGGGGGGGGGEEGGGGGGGGGGGGGGGGGGGGGGGGGGGGGGGGGGGGGGGGGGGGGGGGGFEGGGGGGGGGGGGGGGGGGGGGGGGGGGGGGGGGGGGGGGGGGGCEGGGFFGGGBCBBB",
                "A@B@0EDGGGGGGGGGGGGGGGGGGGGGGGGGGGGGGGGGGGGGGGG@GGEBFGGGGGGGGGGGGGGGGGGGGGGGGGGGEGGGGBGCDGGEGDEGGGGGG@DGEEDDGGGGGGGGGGGGGGGGEGGGGGGGGGGGGGDGGGGGGGEGFCGGGGGGGGGGGGGGGGGGCGGGGGGGGGGGGGGGGGGGGFGECGGDGGGGGGGGGDGGCCCBB",
                "A@BBBBGGGGGGGGGGGGGGGGGGGGGGGGGGGGGGGGGGGGGGGGGGGGGGGGGGGGGGGGGGGGGGGGGGGGGFGGGGGGGGDGGGGGGGGGGGGGGGGGGGGGGGGGGCDCGGGCDGGGDAGGGGGGGGGGGGGGGGGGGGGGGDGGGGGGGGGGGGGGGGGGGGGGGGGGGGGGGGGGGGGGGGGGFGGGGGGGGGGGGGGGGGGGCCCCC",
                "A@BBBGGGGGGGGGGGFGGGGGGGGGGGGGGGGGGGGGGGGGGGEGGGGGGGGGGGGGGGGGGGGGGGGEGGGGGGGGGGGGGEGEGGGGDG><DEGGGFGGEGGGGGCGGGGFGGBBGGGGGGGGGGGGGGGGGGGGGGGGGGGGGGGGGGGFGGGGGGGGGGGGGGGGGGGGGGGGGGGGGGGGGGGGGGGGGGGGGGGGGGGGGCBCBC",
                "A@BBBGGGGGGGGGGGGGGGGGGFGGGGGGGGGGGGGGGEGGGGGFGGGGGGGEGGGGGGGGGGGG@GGGGGGGGGGGGGGGGGGGGGGGGGGGGGGGE6CDDGGG=CDGGGGGGGGGGGCGGGGGGGGGGGGGDGGGGGGGGGGGGGGGGCGGGGGGGGGGGGGGGGGGGGGGGGGGGGGGGGGGGGGGGGGGGGGGGGGGGGABBBA",
                "A@BBCGFGFGFGGGGGGGGGGGFGGGGGGGGGGGGGGGGGGGGGGGGGGGGGGGGGGGGGGGGFGGGGGGGGGGGGGGGGGGGGGGGGGGGCGGGGGGGGGGGGGGGGGGGGGGGGGGGGGGGGGGGGGGGGGGGGGGGGGGGGGGGGGGGGGGGGGGGGGGGGGGGGGGGGGGGGGGGGGGGGGGGGGGGGGGGGGGCGGGGBCCBA",
                "A@BBCGGGGGGGGGGGGGGGGGGGGGGGGGGGGGGGGGGGGGGGGGGGGGGGGGGGGGGGGGGGGGGGGGFGEGGGGGGGGGGGGGGGGGGGGGGGGGGGGGGGGGGGFGBGGGGGFGGGGCGGGGGGGGGGFGGGGGGGGGGGGGGGGGGGGGGGGGGGGGGGGGGGGGGGGGGGGGGGGGGGGGGGGGGGGGGGGGGGGGGGGGGGGGGBCCCC",
                "AAAAATAATCAATGGCACCCAATAGAAAATATTGGCGATGCGCTCGAACGAATAAAGAAGCTCTAGGCGCAATCCACACACTACGATGTTGCAACAACACGCCATCTACTTTTTATTCTCATTCACTAAATGTGGCTGTTCTGGATTCATTATTCAAAGTGTGTACAAGATCACATTTAATCACATCATTACGGTTCAGCA",
                "AAACCGACGAGGTACGGCGGGTCAGTCAGTATGAAATCAATGGCGTTATCAGGAATACGGGCCATAACATCGGTGCAGTTACCGAGGACAAAACGGGACATAACAACGCTCCTTCTCTTACAGAGGACACCGGGAGGGCACCCCTGTGGTGCCCGTTCCCCGCTGCCTGTGGGCTGTTCACCGCGTCCGGTAACGGGTCAGGCCGACCGTGGAATAC",
                "AAACTTGATTTCCTCTACTATCAATCTAAATACCCGATCCAAAAGGCCCTCTTCGCCTTTTTGAATCTCAGCATTTAATGCCTGATCAGTGACGATGTGTAAGGGCTCGTAGGGAATAGGGCAATAGAAATCGGCCTCGGGTAAAATACCCGTGCGCGACATTAACGTAATATTTAGCTTTTCACTTGCCCTATTCCCTACGAGCCCTTACA",
                "AAAGCTGTTTACGCTCCGCACAATCTCTTTGTTATGTTAATTTGCGTTATTTTGTTTAGTATTTTTGGTCAATTCGGTGATTTGGTTGAAAGTGCGATTAAACGTCATTTTGGCGTTAAAGATTCTGGAAAACTTATCCCTGGTCATGGTGGTATCCTAGACCGCTTTGATTCAATGATTTTTGTTTTCCCAATTATGCATCTATTTG",
                "AAAGTAAGAGGAAGAACAAAAAAAGAGCCATTTTAATGGCACTAGGGGATGTTTTTGCAAAAGGTAAGTAATTTCAACGTGCGAGTAGCACGGCCAGTAACAAAGCCTTATAGGCGCAGAGCAAGCCACCCGTTTTACGGGTGGTCCTGACTATATGAGAAAATGTCAAGCTAATTGCAACACTTAGCTCGATAATTCGTCATATAAAAATG",
                "AAATATAATTTTATATTGTTTGGAAATTGATAAAGGATATCCAGCAAATCATACTTTTATATTAGATAGAGATGCAGAAAAAAAAATAAGCAGCATTATTGCAGCTGGATATCCGAGCAAAGATCCAGAAGAGCTAAATGTGAAAAATGAAAATGAAGCATATTTTGCTACACAAATTGCAATATGGAGTTATTTAGAGGGATATGATATA",
                "AAATGATATTACAAGTGTAATTAAAAAGTACGTTTAACAAATGAGAATAATTATTACTAAAACGCAATTAGCTATTACAATAAGTAAAGCATGAATAGCGATATTGGCAAGAAACCAACCGCTGTATGTATTGCTTTGATATAGCTCGCCACGTTATAATGAGTTTATAGGGCTATATCAAGTTATGATATTAGGAATTATGGTTGTGCCCACT",
                "AACGGGTACAGTAACCTTCACAGAAGGTGATCCAGTTGCGCCAATCAACAAGGATTCTATTACCCTTCTTGATGAAAATGGTCAACCAGCTGCTTCAGTAGATGCCAAATCACCAGCAGGTGATGTTATTGGTACCTACACCGTTGATAAAGAAACAGGTGTGGTGACCTTCACACCAACGGATAAATCTTATTCAGGTGACGTAGTTCCTGCGA",
                "AATCGAGAACAATATCTGATGGGTCGACACCAGCAGCGATTAAATCTTTGCGCATGGTCATCGGCTCATTATAACTTTGCAATGCGTTATCGCCGCTCAGTAATAGATAATTTACCTTACCGCTGTTATAGGCATTAATCGCTCCTTGAATGCGGTAGCGATAATACTGATTAATTACGCCAGTACGATAATATTTTGCTGTGCCGAG",
                "AATCTGTGAGTCAGGCCATTGATGTCTTCCACCTGCCCTCGGGAGCGGATGTTTCGGATTACGAAATCTATGAGGTCGCCACATCGGATGGGGTGAAGCGTTTGCGCTATCCGCGACTGGACGGCCCAAAGGTGACTTCCCTGGCCAAGCAGCTTGCCGATGTTCGCAACCGCACGCTTGCCGCGATGAGTGTCAACGATATTCTCGACATCGTGGCCG",
                "AB3A?FGGGGGGGGG1FGGGGGGGGGGGGGGGGGGGGGGGGGGGGGGGGGGGGGGGGGGGGGGGGGGGGGGGGGGGGGGGGGGGGGGGGGGGGGGGGGGGGGGGGGGGGGGGGGGGGGGGGGGGEGGGGGGGFGGGGGGGGGGGGGGGGGGGGGGGGGGGGGGGGGGGGGGGGGGGGGGGGGGGGGGGGGGGGGGGGGGGGGGGGGGGGGCBBCB",
                "AB<AAFGGGGGGGGGGGGGGGGGGGGGGGGGGGGGGGGGGGGGGGGFGGGGGGGGGGGGGGGGGGGGGGGGGGGGGGGGGGGGGGGGGGGGGGGGGGEGGGGGGGGGGGGGGGGGGGGGGGDBGGGGGGGGGGGGGGGGGGGGGGGGFGGFGGGGGGGGGGGGGGGGGGGGGGGGGGGGGGGGGGGGGGGGGGGGGGGGGGGCCCBB",
                "AB@BBGGGGGGGGGGGGGGGGGGGGF1FGGGGGGGGGGGGGGGGGGGGGGGGGGGGGGGFGGGGGGGGFGGGGGGGGGGGGGGGGGGGGGGGGDGGGGBGGGGGGGGGGDGGGGGGGGGBGGGG:FGGGGGGEGGGGGGGGGGGGGGGGGGGGGGGGGGGGGGEGGGGGGGGGGGGGGGGGGGGGGGGEDEEFGGEGBBCBB",
                "ABABBFFGGGGGGGGGGGGGGGGGGGGGGGGGGGGGGGGGGGGGGFFGGGGGGGGGGGGGGGGGGGGGGGGGGGGGGGGGGGGGGGGGGGGGGGDGGGGGGGGGGGEGGEGGEGGGGGG=GGGGGGGGGGGGGGGGGGGGGGGFGFFGGGGGGGGGGGGGGG@GGGFGGGGGGGGGFGGGGGGGGGGGGGGGGGGGGGGGGGGGGGGGGGGGGGCCCCC",
                "ABBABFGGBFGGEFGDDGGGGGGGDGGGGEGGGFGDBGGGDGGGGGGGGGEBGF==FGGGGGGEGGGEDGGGGGFGGGGGGGGGGGGGGGGGGGGGDGGGGGD8EBEG=DGG.>CGEGGGGGBGGCGGEBCFDGGFE1::1CGGEFGGFFCCGGCCF>GGGGGGGGGGGGGDGGGGGGGGGGGGEGGD@F>DGGGGGGGBBBBB",
                "ABBBBFGFGGDGGGGGGGGGGGGGGGGGGGGGGGDGGGGGGGGGGGGEGGFFFGGGGGGGGGBGGGGGGGFGGGGGGGGGGGGGGGGGGGGG=C@GGGFGGGGGGGGGGGGGGGGGGGGGGGGGGGGGFFGGG>GGGGGGGGGGGGGGGGGGGGGGGGGGGGGGGGGGGGGGGGFGGGEGGGGFGGFGGGGGGGGGGGGGGGGGGGFGGGGCCCBC",
                "ABBBBGGGGGGGGGGGGGGGGGGGGGGGGGGGGGGGGGGGFGDGGGGGGGGEGGGGGGGGGGGGGGGGGGGGGGGGGGGGGGGGGGGGGGGGGFGGGGGFGGGGGCGGEGGGGGGGGGG0FGGGGGGFGGGGGGGGGGGCGGGGGGGGGGGGGGGFGGGGGGGGGGGGGGGGGGGGGGGGGGGGGGGGGGGGGGGGGGGFGGGGCBCB@",
                "ACAAATCAAGTTAATGAGAGAACAGTATAAGAAACTAGAAAAAGAATATGAGTCGACAAAAGAACAGGCGTTTTTAGGAATTGTATCAACTTTAGATGTTGATATACGCTCTAACGTCTTGAATAGAATGAAACTCGATATTGAAACTCTGGAGGAAGAATTAAACATTTCGTTTAAAAAAATATTTGCAGAGTATCATATTCCAAAAGAGATGCT",
                "ACAGCCGGTAGGGCTTTCGTGGCTTGGATCTCCTGCGGTCGGCCTTGCGCTGCGCGGGCCCGGCGATGTGGTAGCGGCCGGTCCATGGCTCCGCCTTCAGTCTTTTCGGCCGGTACGGGCGGTACGACTCGTTCTCGTTGGACGGGAACCATGTGTTGCGCTTGATCTCCCGGCTGATGCCGGACGGGCTGCGGCCCGGCATCGCGCCGATCCCG",
                "ACATAATCCAGCCATCGCTGGATTTCCCCCCCAGAAGTGCCGGATCCGAAAAGAAGAACTAACTCGTTGTGGAGAATAACAAAAATGGTCATCTGGAGCTTACAGGTGGCCATTCGTGGGACAGTATCCCTGACAGCCTACAAAACGCAATTGAAGAACGCGAGGCATCGTCTTAACGAGGCACCGAGGCGTCGCATTCTTCAGATGGTTCAACCCT",
                "AGCCATTCATCGGTTTTATCGCCAGCGATGGTGCGCCCGAAACGGTCACGAAAACCGACGAGGTACGGCGGGTCAGTCAGTATGAAATCAATGGCGTTATCAGGAATACGGGCCATAACATCGATGCAGTTACCGAGGACAAAACGGGACATAACAACGCTCCTTCTCTTACAGAGGACACCGGGAGGGCACCCCTGTGGTGCCCGTTCCCCGC",
                "AGCGTGCCGCCAGTGCCAAAGCCGAACAGTACTGGAGCGGTGTCAAGATTGTTGCCGGAATCGCCAGTATCGCTCGACTTGGCTGAGTCGTTCGTTCCCGAACCAGCGCTCTTAGACGAGTCGGACTTATCACCACCACCGATGGCCGAAGTAAGACCACCCGCATAGTTCATCACATCGCCAGCAGACATGGACATGGTGTC",
                "AGTTAGCGTCGGGGCTGGCAGAAGTCATCAAATACGGCATTATTCTTGACGGTGCGTTTTTCAACTGGCTGGAAGAGAATCTGGATGCGTTGTTGCGTCTGGACGGTCCGGCAATGGCGTACTGTATTCGCCGTTGTTGTGAACTGAAGGCAGAAGTTGTCGCCGCCGACGAGCGCGAAACCGGGTTACGTGCTTTACTGAATCTG",
                "ATCCATTCGTTAAATCATCCCCTATCCATTTTGGTGATCAGGAAAGCGCGGCGTGAATTGCGCGTAGTGACGCTTGCATAATTTCATCGGCTGGTTGCCGACCATCCAGTTCAAGGATCTTTGCGCCATTGAATGTCAGTTGCGGCGTAACGGCGATTTTTTCCTGTAACGCCGCCAGTTGGTGGTCAGGTTTACGCGCAAACGCCGTTT",
                "ATGCAGAAGATTTAGGAATAGTAAAAGTTCAAGATATAACTATTGCACCAGAAGGCAAGAAGAAGGAAATAACTACTGATAAGGGAACATTGAAGTTTAGCGTTGATGTATTACCGGTAAATGCTGATAATAAGAAGGTCGATTGGTCAGTAGAAAGTGAAACTGGAAAGGCTACAATAAGCGATAATGGATTATTAACTGCTGAAGAAAATGGCG",
                "ATTACCGTTGGTATCGGCCTTTTTATCTCTATCATTGGCTTAAAACTATCCGGCCTGATGGCAATCTCTATTAGTTTGTCTCCAAACACCTTAGGTCAAGTGGTGCAAACACATGGTAATCTAGTACCTCCAGCATCTGAAACGCTCTTAATGCTCGGTAATTTACACAGTGGTGAAACATTATTGGCATTATTCTCTCTTA",
                "ATTACCTGCAACAGTACGCCAAGGAACACCGCGCGGCGGAAGTTGCTGTTCTCTTTAAACAGCGCCCAGCCACTCTGTTTAACCTGCAAACTTTCACGGATTTCATCCAGTTCACGTTTCGCTTCCGCGCTGGTGTCACGCAGGCGTAGCAGCACGCGTTCGGCATCAACAAAACGGCGTTTGGCGGCAAACCAACGAGGGCTGTCTGGCA",
                "ATTTCCATCACTTTCAGCAGATTAAACATCGCGATGTCATGCAAGCCGTAGGTTCTGCCGGGAATAGATAATTCCACACAGCCCACTACGGAATAGTCGCGTGCATCTTCCAGCGAAACGCCACGGTTGAGGAACGCTGGCACCACCACTTCATCGTTAAAGATTTGCGGAATACCGGTGCCGAGGCGAATTGTTTCGGCGG",
                "B3:BBGGGGGEGFGGD1FCEGFEGGGGGGGGGGDEGGGGGGDGGGGGGGGGGEGGDCGGG1<DDGG1:FG:GCFGC1FFGGGGG1FFEGEGGGCCCCDGGGGGGGGDGGGGFEDB@CFGGBCBGCGGGCGGGGGGGGGGGGGGDGGGGGGGEGEGGGGGDGGGGGGGGFB@@BGE=FGDGFDFGEGGGGGGGGGGGGGBGGGGGFGFGG1EG>GBB@BB",
                "B>>BBFGDGGGGCGGGGGGGGGGGGFGGGGGGGGGGGGGGGGGGGGDGGGGGGFGGGGGGGGGGGGGGGGEGGGGGGGGGGGGGGGGGGGGGGDFGGGGGGGGGGGGGGGGGGGGGGGGGGGGGGGGGGGGGGGGGGGGGGEGGGGGGGGGGGGGGGGGDGGGGFGGGGGGGGGGGGGGGGGGGGGDGGGGGGGGGGGGGGCBCBB",
                "B>>BBGFGGCGGGGGGGGGGEGGGGGGCFGGGFGGGGGGGGGGGGGGGGGGGGGGGGGGGGGGGGGGGGBGGFGGGGGGEGFGGGGGGGGGGGGGGGGGGGGGGGGGGGGGGGGGGGGGGGEGFGGGGEDGGGGGGGGGGGGGGGGGGGGGGGGGGGGGGGGGGGGGGGGGGGGGGGGGGGGGGGGGGGGGGGGGGGGGGGGGGGGGGGGGGGGCBBB@",
                "B>BBBFGGGGGGGGGGGGGGGGGGGGGGGGGGGGGGGGGGGGGGGGGGGGGGGGGGGGGGGGGGGGGGGGGGGGGGGGGGGGGGGGGGGGGGGGGGGGGGGGGGGGGGGGGGGGGGGGGGGGGGGGFGGGGGGGGGGGGGGGGGGGGGGGGGGGGGGGGGGGGGGGGGGGGGGGGGGGGGGGGGGGGGGGGGGGGGGGGGGGGGGGGGGGGGGCCCCC",
                "B@=ABGGGGGGGGGGGGGGGGGGGGGGGGGGGGGGGGGGGGGGGGGGGGGGGGGGGGGGGGGGGGGGGGGGGGGGGGGBGGGGGGGGGGDGGGGGGGGGGGGGGGGGGGGGGCGGGGGG.D@GGGGGGGGGGGGGGGGGGGGGGGGGGGGGGGGGGGGGGGGGGGGEFGGGGGGGGGGGGGGGGGGGGGGGGGGGGGGGGGGGEGGGDFGBBBBB",
                "B@@ABFGCEGGGGGGGGGGFGGGGGGGGGGGGGGGGGGGGGGGGGGGGGGGGGGGGGGGGGGGGGGGGGGGGFGGGGGGGGGGGGGGGGGGGGGGGGGGGGGGGGGGGGGGGGGGGGGGGGGGGGGGGGFGGGGGGGGGGGGGGGGGGGGGGGGGGGGGFGGGGGGGGGGGGGGGGGGGGGGGGGGGGGGGGFGGGGGCCCCC",
                "B@@ABFGGGGGGGGGGGGGGGGGGGGGGFGFGFGGGGGGGGGGGGGGGGGGGGGGGGGGGEGEGGEGGGGGGGG0FFEGGGGGGGGGGGGGGGGGGGGG@CCFGGGGGEEGGGGFGGGGAGGGEGGGGGEFGGGGGGGGGGGGGGGGGGGGGGGGGGGGGGGGEGGGGGGGGGGGFGGGGGF>GGFGGGGGGGGGGGGFGGGGGGFCBA?B",
                "B@@BBGGGGGGGGGGGGGGGGGGGCEGGGGGGGFGGGDGGCFGGGGGFGGGGGDGFEGEGGGGEEGGGGGGCGGGGGGGFGGGGGGGGGGGGGGGGGEGGGDGGGGGGGGGDGGGBEGGGGGGBGGGGGGGGGCGGGGGGFGECGGEFB@GGGGGGGGFGGGGGGGGGGGGGG@EGGGFGGGGF=GGGGGGGGGGGGGGGGGGGGGGGGGGCCBBB",
                "B@ABCGGGGGGGGGGGGGGGGGGGGGGGGGGGGGGGGGGGGGGGGGGGGGGGGGGGGGGGGGGGGGGGGGGGGGGGGGGGGGGGGGGGGGGGGGGGGGGGGGGGGGGGGGGGGGGGGGEGGGGGEGEG>GGGGGFGGGGGGGGGGGGGGGGGGGGGGGGGGGGGGGGGGGGGGGGGGGGGGGGGGGGGGGGGGGGGGGGGGGGGGGGGGGGGGCBBCC",
                "B@BBBEBGGGGGGGGGGGGGGGGGGGGGGGGGGGGGGGGGGGGGGGGGGGGGGGGGGGGGGGGGGGGGGGGGGGGGGGGGGGGGGGGGGGGGGGGGGGGGGGGGGGGGGGGGGGGGGGGGGGGGGGGGGGGGGGGGGGGGGGGGGGGGGGGGGGGGGGGGGGGGGGGGGGGGGGGGGGGGGGGGGGGGGGGGGGGGGGGGGGGGGGGGGGGGGGCCCCC",
                "B@BCCGGGGGGGGGGGGGGEGGGGGGGGGGGGGGGGGGGGGGGGGGGGGGGGGGGGGGGGGDGGGGGGGGGGGDEGGEGGCGGGGGGGGEGGGGGGGGGGGGGGGGGGGGGGGGGGGGGGGGGGGGGGGGGGGGGGGGGGDGGGGGGGGGGGGGGGGGGGGGGGGGGGGGGGGGGGGGGGGGGGEGGGGGGGGGGGGGGGGGGGGGGEGGGGGCCCCC",
                "BB@B@EDG>EGGGF>FFGGGGGGGGGGEGGGGGGGGGF>GGGGGGAGAGGGGGGGGGGGGFGDFGGGGGGGGGGGGGGGDDGGGGGGGGBGGGBGGEGGGGGGGEBG<<EBGGGA@E<GGGGGCDEGEGGGDDDGGDGGFDGGGGGGGGGGGGGGGGGGGGGGCGGGGGGGGGFGGGGFGGGGGGGGGGGDDGGGBEBGDGGGGGGGGGGEGABCBC",
                "BB@BBGGGGGGGGGGGGGGGGGGGGGGGGGGGGGGGGGGGGGGGGGGGGGGGGGGGGGGGGGGGGGGGGGGGGGGGGGGGGGGGGGGGGGGGGGGGGGGGGGGGGGGGGGGGGGGGGGGGGGGGGGGGGGGGGGGGGGGGGGGGGGGGGGGGGGGGGGGGGGGGGGGGGGGGGGGGGGGGGGGGGGGGGGGGGGGGGGGGGGCCCCC",
                "BBBBBCFFFGFGGGGGGGGGGGGEGGGGGGGGGGGGGGGGDGGGGGGGGGGGGGGGGGGGGGGGGGGGGGGGGGGGGGGGGGGGGGGGGG.EEGGEGGGDGDGGG.CDDGGGGGGGGGGGGGBEGGGGDGGGGGGGGGGGGG@FGGGGGGGDF>CFGGGDGGGGGGGGGGGGGGEGGGGGGGGGGGGGGGEGGGGGGBCCCC",
                "BBBBBFGGGGGGGGDEGGGGGGGGGGGGGGGGGGGGGGGGGGGEGGFFFFGDEDGFGGGGGGGGGGGGGGGGGAGFGGGGGGGGGAGGGGGGGGGGGGGGGEEGGGGGGGGGGGGGGGGGGGGGGGGGGGGGGGGGGGGGGGGGGGGGGGGGGGGGGGGGGGGGGGGGGGGGGGGGGGGGGGGGGGGGGGGGGGGGGGGGGBBCCB",
                "BBBBBFGGGGGGGGGGGGGGGGGGGGGGGGGGGGGGGGGGGGGGGGGGGGGGGGGGGGGGGGGGGGGGGGGGGGGGGGGGGGGGGGGGGGGFGGGGGGGGGGGGCAGGGGGGGGGGGGGGGGGGGGGGGEGGGGGGGGGGGGGGGGGGGGGGGGGGGGGGGGGGGGGGGGGGGGGGGGGGGGGGGGGGGGGGGGGGGGGGGGGGGCCCCC",
                "BBBBBGGGGGEGGGGGGGGGGGGGGGGGGGGGGGGGGGGGGDGGGGGGGGG>@GGCFGBGGDGGGCFGGGGCE0CCFFGGGGGGGCGGGGGGGFGGGGGGDGCDGCGEGGGGGGGGGGGGGGEEGGGFGGGGGGGGGGGGGGGGGGGGGBFGGEFGBBBCB",
                "BBBBCCGGGGGGGGGGGGGGGGGGGGGGGGGGGGGGGGGGGGGGGGGGGGEGGGGGGGGGGGGGGGGGGGGGGGGGGGGGGGGGGGGGGG=GGGGGGGGGGGGGDGGGGGGGGGGGGGGGGGGGGGGGGGGGGGGGGGGGGGGGGGGGGGGGGGGGGGGGGGGGGGGGGGGGGGGGGGGGGGGGGGGGGGGGGGGGGGGGGGBBBBB",
                "BBBBCGFGGGGGGGGGGGGGGGGGGGGGGGGGGGGGGGGGGGGGGGGGGGGGGGGGGGGGGGGGGGGGGGGGGGGGGGGGGGGGGGGGGGGGGGGGGGGGGGGGGGGGGGGGGGGGGGGGGGGGGGGGGGGGGGGGGGGGGGGGGGGGGGGGGGGGGGGGGGGGGGGGGGGGGGGGGGGGGGGGGGGGGGGGGGGGGGGGGGGGGGGGCCBCB",
                "BBBCCGGGGGGGGGGGGGGGGGGGCGGGGGGGGGGGGGGGGGGGGGGGGGGGGGGFGGGGGGGGGGGGGGGGGFGGG>GGGGGGGGGGGGBFCFGGGGEFGGGGGGGGGEGGGGFEEGEGGFF<CGGGGGGGGGGGFGGGGGGGGGGGGGGGGGGGGGGGGGGGGGGGGGGGGGGGGGGGGGGGGGGGGGGGGGGGGBBBBB",
                "BCCBBGGGGGGGGGGGGGGGGGGGGGGGFGGGGGGGGGGGGGGGGGGGEGGGGGGGGGGGGGGGGFGGGGGGGGEGFGGGGGGGG>DGGGGGGFEGGGGGGFGGGGGGGGGGGGGGGGGGGGGGGGGGGBDGGGGGGGGGGGGGGGGGGGGGGEGGGGGGGGGGGGGGGGGGGGGGGGGGGGGGGGGGGGGGGGGGGGGGGGGGGGGGGGGBCBBB",
                "CAAAACCTATACCATGTTCACCAGAAACTTGTCCTTGTAATTCTTTAGCTTTATCATACATTATCTGCATTATTTCAGTTAATTTTTTATTCCAATTTTCTTCATCTAAATCGTCTCTTAATATATATATATGAAGATTTCCATCTCCAGCATGACCAAAACTCTTTATCCTTATATTCTTTTCCTTCTCAAGTTCATGAGTAAAAGTTACAAATTTAC",
                "CAAGGCGCTGGGTGCGCGCATCCCGCGCGGTGTGCTGCTGTACGGCCCTCCCGGCACCGGTAAGACGTTGCTGGCCCGAGCCATCGCAGGCGAGGCCGGCGTGCCGTTCTACTCGATGGCCGGCTCCGACTTCGTCGAAATGTTCGTGGGTCTCGGTGCCTCCCGTGTGCGCGACCTGTTCGATGAGGCCAAGAAGAACGCCCCCGCCATCATCTT",
                "CAATCGAAGGTTTGAAAGATTTAAAACGCGCTAGCGAAGTTGCAGAACTTCGTGGTAAAACCGTTGAAGAAATTTATAACGCGTAATAAGGAGACAAGAAATGGCACAAGTTAAAGTAACATTAACAAGAAGCTTAATCGGTCGTCCTGAAGATCAACGCGCGACAGTTAAAGCTTTGGGCTTGAAAAAAACTAACTCTCAAGTCGTA",
                "CAATTTGGTGAGGTGTCCGAGTGGCTGAAGGAGCACGCCTGGAAAGTGTGTATACGGCAACGTATCGGGGGTTCGAATCCCCCCTCACCGCCATATTCAAAGAAGAGCTCGTACGAAAGTGCGAGCTTTTTGCGCATTTTATCTGCCTGTTCGACAGTGAACCAGCAGAGGAGCAACAGTTCGTTAAGTACGAATTTCTAAGCAGCCTGTACGGCAGT",
                "CACAAATTCAAGAATATCTCCCCGCATTTGCAGCGCATTAAAGCGTTCAAAACCCTCGGGTAAATGCCCTCGTCGCATCAGGTAACCTTGCCGGTACCTGATGCGCTCCGGATTCTGTGGGTCGGATAAGGCGTTCACGCCGCATCCGACAGTCGAGCATCAATGCCTGATGCGCCTTTTATCAGGCCTACCGAACGCCATCCATACACACCTCA",
                "CACTTTTTCCATTACCGGCCAGTCGATGAGATCATCGCCGACATAAGCCACATTTTCCGGGGCAATCGCCAGTTTTTCCAGCAAATCGCTAAAGGCGATCAGTTTGTTTGACTGCCCCTGATACAAGTGAGTGATCCCCAATGTGGCACAACGATCTTCTA",
                "CAGGGGTATCGATATTGGCGCGAAATACGAGATCTACAAATTAATTAACCAACTCGTCCAGCAGGGTATTGCCGTTATTGTCATCTCTTCCGAATTACCTGAAGTGCTCGGCCTTAGCGATCGTGTACTGGTGATGCATGAAGGGAAACTAAAAGCCAACCTGATAAATCATAACCTGACTCAGGAGCAGGTGATGGAAGCCGCATTGAG",
                "CAGTTTATTGATAGCTACCAGCGCAAGCTGCGCGAGCTGATCGCCATTTCCGTGATCCTGCCGGGGCTTGTTGACCCGGACAGCGGCAAAATTCATTACATGCCGCATATTCAGGTGGAAAACTGGGGGCTTGTAGAAGCACTGGAAGAGCGTTTTAAAGTGACCTGTTTTGTCGGCCACGATATCCGCAGTCTGGCGCTGGCGGAGCACTACTTCG",
                "CATAATTTTTTCTGCTACTTTTGGTCCTAACGCATCAGGTGTTACATGCCAGTTTCCAAGACCTATAACTAAAGCATTTTTTGTATAGTCTATATCCACCAATCTCGATAATGATTTTCCAACGACTTGTGCTACTTTATCCATAGTTTCTCCATCATAAGCTGTGAAATCTGGTATATCAATTGTAATATAACTTCCTACAGGTTTTC",
                "CATGGTCGAAAGTGCATTACCAATCAGCGGGCCGCCATAATAGGCTTTAACCACAGCCAGGCTGACTTTACCCTCAGCGAAGTTCACCACCTGCAATGCGCCGGGATACTCAATCAGTCGGTAAATATTATCGATAACCAACTGCTCTGGTGCGATCAGATGATCAATCGGTACAGCATCTGAATGAAATAGCTTATCGGCATCGCG",
                "CATTTATTTGGTTAAATTGGGGCTGCCACCACGATTTCTACGCAGTCTGCGTTTTACGCGCTTAATAAAGCGAGCAACTTTCCAGGCACGCTTAATGCAATATCCATAGAGGAAGAATGCTAGCAAAAAGAGCACCAGCATGACCCACTCCGGGACAAAATGAGAATATTCTGCCAGCACCCCAATGGAGGCGAGCAGAGCTGCGGCAAGGGTAATCA",
                "CCCTTCAGGAGAGAGCACGGGACTTTGGTATTAACCCTTAGGCTTATTTACCACGGGCTTCAATTACGGCCTGAGCAACGTTACTCGGCGCTTCATCATACTTCAGGAATTCCATGGTGTATGATGCACGACCTTTGGTCAGAGAACGCAGCTGAGTTGCATATCCGAACATTTCAGACAGCGGTACTTCAGCGTGGATCTTAACGCCAGTAACTTC",
                "CCGCCGCCGAAGAAATAGTTGAGCAGATCGCCCAGCACCCAAATCAGCAGGCCGCCGATATAGACCTTCTTCTTACCAAAACGTCTGACTGCGCCAGGCATCAGGAACACGCCGATGAAAATACAGCCCATGCTGAAAAATCCCATATACGACAACAGGATGGGATCGTTAAGTACGTACTGGGTGTAATAGACCTGGATGGCGAG",
                "CCGCTGGGGTGGTACAACGAACCGCTGACGGTTGTGATGCATGGCGACGATGCCCCGCAGCGTGGCGAGCGTTTATTCGTTGGTCTGCAACATGCGCGGCTGTATAACGGCGACGAGCGTATTGAAACCCGCGATGAGGAACTTGCTCTCGCACAAAGCGCCTGATAGGTTGAGTGAATGTTAAACGCCCGGAGGCGCTTCCCGCGATCC",
                "CCGTGCGAAGTTTCTTTGAAATTAAGATTACGGCCTGAGGCTGTGGATAACTCTGTTTACAAGAGTTTGTCAGAGACAACAAAAACCAGCAATAACGCATCGCGTCGCTGTGGATATTTTATTGAGAGAAGAATTTGGAGCGGGAAACGAGACTCGAACTCGCGACCCCGACCTTGGCAAGGTCGTGCTCTACCAACTGAGCTATTCCCG",
                "CCTACGTCGGCAAAGCCTTGGAATTGACCGATAAGCGCACCGGACATCCCAACGAAGCCATTGGAAATCAATAGGCCAAGTACAATCATATTATCCGTATTAACGCCTTGGGCGCGAATCATTTGAGGGTTAACGCCTGTTGCACGTAATGCTGTACCAATTTCAGTACCGAAGAACCAGAACAGTAATAAACATACAACAACAGCTACGATAACAC",
                "CCTTCCCGTAAAATGCCCACACACTTTAAACGCCACCAGATCCCGTGGAATTGAGGTCGTTAAATGAGACTCAGGAAATACAATAAAAGATTGGGATGGTTGTCATTATTTGCAGGCACTGTATTGCTCAGTGGCTGTAATTCTGCGCTGTTAGATCCCAAAGGACAGATTGGTCTGGAGCAACGTTCACTGATACTGACGGCATTTGGCCTGATGTT",
                "CGCGTCCGCCAAACAGCAAAGAAACGGGTGTTTGTAAGAAATTCACTCCGTGCATTAGCCTCTGTTAGTCCTACTCATAATGTGCGAGATATACCATTCGTAGTTATAGTCGGTGGCTCTGCATTAGACTTTGAAATTCCTCAACTCGTAACTGATGCACTTTCACAGTATGCATTAGTGGCAGGTCGAGGCAATATTCGAGGCATTGAAGGA",
                "CTACACAGATTGGCTGGAATTTTGGCGATGGCACTATCCTGAAGTTATCCTGGTTTACCGGACTGGCGCTGGCTGTCTTGTTTTACGGCGTTATGCTGGCTGGGGTCGCGGTGATGGGGCGGGTCATCTGGTGGATGGCGCGCAATTACCCGCAGCGTCCGTCACTTGCGCACTGCATGGTCTTCGCGGGCTACGTTGCAACTCCGCTGTTTTTA",
                "CTATTATCATAGGTGGGCCAAATGAGGATAACCGGATGAAAAAATGGGCAGTAATAATTTCTGCAGTCGGACTGGCGTTTGCTGTTTCCGGGTGTTCCAGTGATTACGTCATGGCGACCAAAGATGGCCGTATGATTTTGACCGATGGAAAACCTGAAATTGATGATGATACCGGGCTGGTGAGTTATCACGATCAGCAAGGTAACGCGATGCAAATTA",
                "CTATTTTAGAAAAACTTAATTCTGAGTTAAGCAAAAAAACATAATACAAATAAATACAACAGCAACATTATTGAACAAATGAATGATTTATAGAAGAGATAATATAACGGAGTATGTTATGGCGAATCTTTATGACCTAAAAAAATTTGATCTGAATTTACTGGTCATATTTGAGTGCATTTATCAACACCTCAGCATTAGCAAAGCAGCAGAATCAT",
                "CTCCAGCTCCGGCTGCCACGGAACCGCAGCTCGATTTGCCGCTTCCCGTGGCCGACGATGCCAAGAAGGACGAGACCGAACCGCGACGCACCCGTCGTAAGGCCGCCGATGATGCCGCATTCGAACCGCGTGCGGCCCGTCGTCGTCGCGATGACGACCAGTCCGATTTCGCTCGCCGCAAGCCGCGCAAGAAGGCCGATGAGGCCGGCGAT",
                "CTTTCTGGACGGAGAAGAATATGTCCTGGAAGATCAGCCAATAGAAAAAACCGATAAAGTCATGGAGGCGCTTAAGGCTGCAACTACCCATGACTATGAAGTGTATAGCTTTGCTAAAAAATTATTTCCAGATGAAAGCGATCTGGTGGTTGTATTACGTGCAATTTTACGTAAAAAACAAATATCTGAAAATGTGCGGCTAAACGCTGAAGC",
                "GAAGTGCCGTCACCGCAGGTCTGCTGCCGGACGGAGTGGTCGCGGTGATGGTCTGCACCGGCATTGTCCGGAAGTTCCCTTCAGCCAGGCGCGGCAGTGATGCCGCAACCGGCTTTGCTTCTGAGGACTGCTCCAGTTTTTTGGCCTTCTCATTGGCCTGCTCCATCGTCATACAGGTATCGGATGTGGTGGCGTTACACTCAAATTCCGTACTG",
                "GAATCATACGGAATGTAGCACCTGTTGCAAAGCCACAGCATACGAATGTCAATACTGACATAGCAAAGAAGAATGGGAAGTTGTGCATATCTACACCAACTGCGATCAATGCAGTGGTAGCACATAAGCCGATGAGGCTAACAAAGGTAACTTTTGTACCGCTGTTGATTTTGTCGGATAACCAACCGCCTACAGGACGAAGGGCACCTG",
                "GACCTATACGCCGGGCGCGGATGATAACGCCAGCGGTGTGGCTGGATTACTCGAACTGGCACGTTTGTTACATCAGCAAGTACCGAAAACAGGCGTGCAGCTGGTCGCCTATGCGTCGGAAGAACCGCCCTTCTTTCGTAGCGATGAAATGGGGAGCGCGGTACATGCAGCTTCGCTTGAGCGTCCAGTGAGATTAATGATAGCGCTGGAGATG",
                "GAGCGTAATCGCAAGGCGGTAAAAGGTTTTACGCCCCAGGCGATGGATCTGCTGATTCACTACGACTGGCCGGGAAATATTCGTGAACTGGAAAACGCGGTGGAACGGGCGGTGGTGCTGCTGACCGGGGAATATATTTCCGAACGCGAGCTGCCGCTGGCGATTGCGAGTACGCCGATCCCGCTGGTACAAAGTCAGGATATTCAGCCGCTGGTGGA",
                "GATCTTGCGTCCGCTATGGGGAACGTGAAGACCGTCATGGAATGGAATCCCGGTGCTGACCTTGCCACCGTCTGTGAGGCATTGGTTGGACAAGGGGATGACTATCGTTCCCATCCCGGCATCAGGAACCTTGTTCTTGGAAAATACTAACGTTCATCATCAGAGGCTGGTGCTTCGTTTGATCAGGCTGCGGAGCGCCAGCCCAATCCCA",
                "GATGGCCTTCCAGCCAATCTCGTAGGCGTCCTTGTAGTACTCGAGGTTGTCGTTGGTCATGTAGGCGGCCGGGTAGTACACGCGCCCGATCTTGCCTTCCTTGCGAATCTCGATCTTGGAGGCAATCGGGTGAATCGAGCTCGTGGAATGGTTGATGTATGAGATCGAGCCGGTGGGCGGCACGGCCTGCAGGTTCTGGTTGTAGA",
                "GCCAGGGATGGGAACAATCCACGGCTTTTGTGCTAATAGCCATGCCAGTGCGATTTGTGCAGACGTTACCCCTTTCTCCGCAGCCAGTTCACCTAACAAGGTGACCAGTTTTTCATTGGCTTCAATGGCTTGTGCTGCGAAACGCGGTACGGTGCTGCGGTAATCATCTTTGCCGAAAGTGGTTCCCGGCTTAATCGCCCCTGTCAGGAAACCTTTACC",
                "GCCCGTTTGAACTGCTGACGGACTATCTCGGTCAGAACGAGAACCCCTACACCGGGCAGCAATATGTGCTAGAGTCACGCCATATTTACGATCTCAAAGTCATGCAGATTGACCCGCTGGAAGCGCCGGATTTGATCTGGCTGCTGCAACAGACGGGAGATGAAGTGCTGGATTACCGCCAGGTGGTGGCGCACTACGCTTC",
                "GCCGAGGAAGCTCAGCGTCGCTTCCGCCACGATGTAGGAGGCCAGCGAGGTGGTGGCGATGACGATGATCGGGGCCAGGGAGTTCGGCAGGATGTGGCGGAACAGGTTTCTGGCCGGCGTGGAGCCGAGGGCCGTGGAAGCGGTGTTGAATTCGAGGTTCTTCGATTCCAGCACGGCGCTGCGGGCGATGCGGCATACGCCGACCCAGCCGAA",
                "GCGCTATTCACGCGTGTGACGCCGTTTGTCACCTGCTGCGCCATCAGTGCCAGCGAGGCAAAAATGGCAATTGCCACCAGCATTTCCAGTAACGTGAAACCAGCGCGACTCCTTCTCACTGTTGGCCTCCCACGGCGCTAAACCAGGTGCGTCTTGACTGAATCACCGACGAAAAGTCTTCGTGACGGCTGACTGCAATATCCACTG",
                "GCTATCGCCAGTTGGCACAGCAGCTCGCGGACTACATCAACACCTGTATGTTCGACCCGACTACCCAGTTCTACTATGACGTGCGCATTGAAGATAAACCGCTGCCGAACGGCTGCGCGGGCAAACCGATTGTCGAGCGCGGTAAAGGGCCAGAAGGCTGGTCACCGCTGTTTAACGGTGCGGCAACGCAGGCCAACGCCGACGCGGTGGTGAA",
                "GCTGTAAACGTCAACACGGGAAACGGGATCAGCGCCGCCGCAAACGACATGAAATGCGTTTTCACCATCGACCAGTCGACCGGATCGACCGGCGGTCGCCGGCGTCTCGGCGTGAACAGATGGCCTCGGCTGACCGTTATAGTGATGATGGACACAGCAAAGATGACGGCGACCATCCACAGAACGCCCGGCAACAATCCGACAACAATCCCGTT",
                "GCTTCATAGAGATAATGTAAACCAGGTCCCATCCTGACCCACAGTTGCTCAATCATCTCACACAGGATGGGCATATTTGAACGATGATAAATCGCTAAGCGAAATAGCCTGTTCGCATTAATGATTTGTTCCATGTCGCCCTTTTCTTGCGCCTGCTGTAATTTCTCGAGCAATTCCTCGAGTTCCGCCAGGTCTTGCGGGGTGAGGTTTTCAACAGCC",
                "GGAGCGGCATCGGTCAGCAGGTTGATCCACAACAGCTGGGTGGCGAGCAACGGCACCGTGACACCCACGGTCTCCGGCTGCCGGATACCGAGGAACCCAGCCAACACCACGCCAAGAAACACGGTGAACACTTCGCCCACATTGGAGCTCAGCAGGTAGCGCAGGAACTTGCGGATGTTGTCGAAGATCACGCGGCCCTCACGCACGGCGGCCACAA",
                "GGATTGCATGAGTGCTGGTGGTCTTGAAGATGGCGATTATATGCTTGGAGAATTTCCTGTTATCGTTGAAAAAGGAACAGCACGTTTGAAATCAAATGGCGCTCTAGCAGGTTCTATTCTTCAGTTGAAGGATGCTGTTAAAAATGTAGTCAATTGGGGAATCGCCTCAAAAGCGCAAGCCATTAGTATGGCAAGTCTCACAGCAGCAATTTCTG",
                "GGCGTGATGGCGCAGCGGCTGGTCCGCACGCTGTGCACCGACTGCCGCCAGCCCGCGCCTGCCACTGATGAAGAAAAACGCCTGCTGGGGATTACCGACGCGCGCACCGTCACGCTGTACCATCCGCAGGGCTGCCCCGCCTGTAATCACAAAGGTTTTCGCGGACGTACTGCCATCCATGAGCTGATCGTGGATGGCAGTA",
                "GGCTGGCTTTGTTGATTATCAAAGTTATATTGACTGTTCTAAGGTGACCGACGAAGAGTTGGAGGCCTTGGCTGAGGAGACAGCAATCTTTGGACGGGTATCTCCGCATCAGAAGAAGTTGTTAATCCAAACGCTCAATGCTAATGGACATACCACAGCCATGACTGGTGATGGTGTCAATGACATCTTGGCTTTGCGTGAAGCGGATTGTTCGAT",
                "GGTCTGGAACCTTCATAGACGGTAATGGTCCCGGCATGTGAAGGCGGAAAACCTTCAACCAGCAGGGTGACGCTGTACTGACCATGCTCAACATCCATGCTGTAACGTCCGGCTTCATCCGGATTTTCAGAGGCCACCGTGTTCACCACCACCGTGCTGCTGGTTCGTCTGGCCTTCAGCACAATGGTGCAGTTCTGTACTGGTTTT",
                "GGTTGTGTTGGGACGGGTCTGTTTAGCGTGGCGAATATGGTATTTCTGCTGGTTTTCCCGGTGCTGTCTATCGTGGTATCGCTGGTGATGATATCGACCCACGTCGATGAACACGTTGTTAGTGGTCTGATGGGCGGACTCGGAGGTTTGGCATCGGCGATGGCATGTATGAGTGCATTGGGGCCTGCGTCATCCGAGGAATCTGCAGGGCACAGTG",
                "GTAATAGACTGCACTGAATGGCATTTCCACTGGCAATACTTTATCTGCCATTAACTCCACCAATTCTCCGCGAGCGATTTCTCTGTCGATCATGTAGTCGGACAAACACGCAATCCCGTTGCCACTTAGGCAAAGCTGTTTCAGTGTTTCCCCACTATTGGATGACAAACCGTACTTCACCTCATGTAATTGTCCATCGCTACAGGC",
                "GTCACCCCTGGCGTTGATGCCCTGGAAGCCGGCAACGATGGCGATGTCTCCCAATGAGAGCGCGTTCTTCACGCGGTCCGGTCTCACGGCCTTGATGTGGGCCGCGCCGTAACGGGCGTCGGTGAAGAAGCCGGCCTGCTGACCGGTGAAGGAGTGGGCGCGGCTGCCTTCGGCGTGAATGGCCACGGCCAGCAAGCTCATGG",
                "GTGGCAGGAATCTGCCGCACGCCGAAAATGGCGGTGTTCAGCCAATGCCACCAGGTACTCAAGATCACGAATATTCATTATCCATCCTCCATCGCCACGATAGTTCATGGCGATAGGTAGAATAGCAATGAACGGTTATCCCTATCAAGCATTCTGACTGATAATTGCTCACAGAAACGGAGCGGCACCTCTTTTAACCCTTGA",
                "GTTACTGAAAACTTATAAAAATCTATAAAATCTTATGTTTCATTCCTTTTTCGACGTATCTGCTTTGGTAATAGAAAAACTATTACTACTTACATTTGATATAATACTCCAAAGGCGTAAATTCCCGACTAACGTATCGGTACATATCAATAGTGTTGTTTAGGTAACTAAGCTATTGATTTACCATAGTTATATAAATTTATACTTGCATTCTTATCT",
                "GTTGGTCTCTCTTATGAAGATCCAGCGGTTAAACTTTTAAATGACGGGGCTAACATCAAGGTAGTCTATCCAAAAGAAGGAACCGTCTTCCTACCTGCTAGTGCTGCTATCGTTAAAAAAGCCAAAAATATAGAAAATGCCAAAAAATTCATTGATTTTATTATCTCTCAAGAAGTACAAGATACACTTGGTACAACCACTACTAACCGTC",
                "GTTGGTGAGCCAACTATTGTGTCAGGTAAGGTTATCGAAGTGCCACAACCTAGAAAAATCCGTCGTGGTAGCAAGTCTCTAGATGGCACAACGACTGAAGAATCTATTGTAGAGCTTCCATTTAAGGAGATTATCCAAGAGGATGATAGTCTTGAAAAGGGCACTCTTAAGGTTGTTCAAGAAGGCCAAAAAGGTCAAAAGAAAATCACCAAGGTCTA",
                "TAAAAATGGTATAATGAGGTCAGTTATAAGAAATGTATTGGAGAATTCATGAAAACAACAGTTGATTATATTACAAAACTTGCAAATATTCCTTCACCTACTGGCTACACAAGCCACATTATGAATTACGTGACTGCTGAGCTTGAAAGTTTCGGCTACGCTCCTGTCCGCACAAATAAAGGTGGCGTTATGGTCACTGTCACT",
                "TAAAACGGTTAATGATGTGAATACAATGCATTTGTGATCTGGATCGCGTTTTCCGTTTCTCTGACGCTGATTCGTTCACGCGTCAGAGAGTCGGTCACATCACGGTTTAATGACGTTCAGGGAGGTCTGGCGTTTTGGAGGTTGCGGGTATAGGTGGTCTGACAGGGGAGCGAGGCCTGTTTTTCACCAGGTCTTCATGAGTAACTTTT",
                "TAAATCCATAGACGAATATTTAAGTCTATATGGTGAAAGTCTAACTAGTGAAAATTTAATATTTGAATAGAGATATTGATGTTAATTTCCTGGGAGCATATGCATACCCGTTGTTTAGACTGTCATCTCATTCAATAGATTCTATAAGTAACTGGTTGGATTTTTACTATTAGTAGAATTATCCGAATAACAAACGAGGATATAGTCTATTGAATT",
                "TAACCGCTCGCGTACTGGATCTGGCATCACCTATCGGTCGTGGTCAGCGAGGTCTGATTGTGGCACCGCCGAAAGCCGGTAAAACCATGCTGCTGCAGAACATTGCTCAGAGCATTGCTTACAACCACCCGGATTGTGTGCTGATGGTTCTGCTGATCGACGAACGTCCGGAAGAAGTAACCGAGATGCAGCGTCTGGTAAAAGG",
                "TAATAGTTGTGTAACTCGATGGGGCTACTGTAAATAAGTAATAAGATCCCTTACATTTTATAATGGGGCTCGAATACAACTGCATATTACTAGTATAGAAAAAATACAGCCCTCTCTTGGCTCAGTACGTCACTATGTTCCGTAAAATCGCTGCAGAGAGGGCTGTGTTCTTTTCTATATACATTAGCTATGAAGATGTCCCATTAAAA",
                "TACCCGCCCAGTGTAGCGCGGTATAACGCGTTGGCGGCATAGTTTCATACTGCATCACCCATTCAATCTTATTCAGATCGCTTTGCGAAACGGGTTTATCAGCCAACAGAGCCGCACGCACGGCCTCGAGGTTAAAAGATTTATATCCAAGCTTTATGTCGTAATCCATCAACTGTTTCGCGCCGGGAATATAATAATAGGCA",
                "TACCGTTCTATCCACCTGTTAGTGAAACACGGGCATTACAAAGCGAAATGTTTTCTAGACCATTTGGCAGACAGCTCGATTTGCGTTTGGTTGAGGCCTACACGCAAGATTATGACAAGGCAAAACCAGGCGACATTTATGTCTATGCAGATTATGTAGACTACACATCTAAACAGCTATTAGGTGAAAAAGATGGTACTACTGCTATTTCAGC",
                "TACGCCTCGCTGGGTATCGACTGGCCGAAAGACAAGCTGAACATCTGGATCCTTGATGACGGCGGCAGGGAAGAGTTTCGCCAGTTTGCGCAAAACGTGAGGGTGAAATATATCGCCCGTACCACTCATGAACATGCGAAAGCGGGCAACATCAACAATGCGCTGAAATATGCCAAAGGCGAGTTCGTGTCGATTTTCGACTGCGACCA",
                "TAGGTGTTTCACTTTCTGACATCAATCAGACCATTTCAACGGCGTTAGGTGGGACTTACGTTAACGACTTCATTGACCGTGGTCGCGTGAAAAAGGTGTATGTTCAGGCGGATGCCAAATTCCGTATGCTGCCAGAAGATGTCGATAAACTTTATGTCCGCAGCGCCAACGGCGAAATGGTGCCATTCTCGGCCTTTACCACTGCA",
                "TATACTAGCTACTGAGAATGTAGAAGATACATTTCCTCTACCTATAGATTACATAAACCATGATAATGAATTATTTATGCTTAAAGTATCTGGTGAAAGTATGATTAATGCAGGAATTCATAATAACGATTTAGCAATTATAGAATCTACAAATAGCGCTAAAAACGGTGAAATAGTTGTAGCTTTAATTGATGATTCTGCTACAATAAAAAGATTTTA",
                "TATAGATGCACCTATTTCGTCTTGAGATACTAAAGCACTATCCTCTAAATTATACTTTTCTTTTAAATCATTCATTATTTTAGATACTTTAGAACTATCTAAATCCTTTGATTTTATTTCGTATTCATTTTTATCGGATATACTTGTTACTGCATCTTTAGCATATGATTTAACTATTGAATCATATGCTAAAGATGCAGTAACAAGTA",
                "TATCTGGCCTGGCAGTATGACCAGTCAGCATTCATTATCACAGGATTATTGCTGTATTAAGTAATAACGTGCTGTTTTGTGATTGATTTCATAAAACAAGACGTCGTTTAATATGCGCCTGAATATTCACGAGGGAAGTCTTTCTTTTTATATGGTGTTCCCGGAAATAAAATATTTTGTGTTATTGCTCACCCGGTTATGAATAAAA",
                "TATGAAGGTTTTATTAATATGTCATATAAATCTAATTTTATTTTTAGCGTAACTTTTAAGACTATAATATTTAATATACTTGCAATAACATATGCGCTTATAGTTCCAATAACTGCACCATAAATATTAAGATATTTAACAGGCATTAATGTCCATGTTAATATTACCTTAACAATACATCCAATAAGTAAATTTATAACCGGCT",
                "TATGGCGTACAGTTCCACCCGGAAGTGACTCACACCCGCCAGGGTATGCGCATGCTGGAGCGTTTTGTGCGTGATATCTGCCAGTGTGAAGCCCTGTGGACGCCAGCGAAAATTATCGACGACGCCGTAGCTCGCATCCGCGAGCAGGTAGGCGACGATAAAGTCATCCTCGGCCTCTCTGGTGGTGTGGATTCCTCCGTAACC",
                "TATTACAAAAGCTAAAAGCGAAGGCTTACGCCCTGTTTTAGGTCTTGAGTTGACGCTTATTTTACAGGAAAATCTTTCCTTAAGTGTGTACCTAATTGCGCGTGATACGACAGGTTACAAAAACTTGATGAAAGTGTCTAGCTGTCAGATGACCTCTGGGATTCAGCTAGAGGATTTAAAGGATTACTTGTCAGGCTTAGTGGTTATTATCCCGTA",
                "TATTCAATGGCTCCGAAGCATGTCAAAAAATCTATGGATGAAAATGATGAGTCTCCAAAAGAGTTGCGTATAAGAAATGATCACTACACTTTTACGTCTCCAGTCATTATAGTTTCTTCTATCAATCTTATACTCAGCCTTGTATTGACAATAATATAAAGCGACCGGACATCTCTTATATGTCCGGTCGCTCTATATTATTGAAATTT",
                "TCATTGAAATTATTGTCGTTTGCGCACTGATATTTTTCCCGCTGGGCTATCTGGCGCGGCACTCTTTGCGACGCATTCGCGACACCTTACGTTTGTTCTTTGCTAAACCTCGTTATGTTAAACCGGCCGGGACGTTACGCCGCACGGAAAAAGCCAGGGCAACCAAAAAATGACTCAATTTACGCAAAATACCGCCATGCCTTCTTCCCTCTGGCAATA",
                "TCCGGCATTAATGAAAATGGCGGAGGATTTCATTTTGCCGAATTGTTCTGCGCCAAATAGATGATACGTCTCATCAGTTAACGGCAGGATCAGGCAAACGAAATCTGACTCTTGTAACAGTGTATCCAAATCGCAGTAGCGGGCGTTGAAGCGTTCTTCTGCTTCTTTATGGTGGCGGCGCGCGTTATAGAGGATGGGCATATTGAA",
                "TGAGAATGTCTTTAAGCGGGGCGACAAAATACACTTTCATAAACCGCCAGATATCCCGCTGAGTCAGGCCAATATTCATCGAAGAAAAATAAAGTCCAATAAGATCTTTATCGCGCCAACGACGTGGAACGCGCGTGCGAAGCTGCGCCCGGTGCAGGTCAATTACTGAAATTTTTAACTCCTCTTCCTTACCGGAAAAAGGCAAGTGCAGC",
                "TGCATGAGAAACAGATTATTCTACTGACCGGGAATGATAGTGAGCGAGAAGCGCAGATTGAGCAGCAGCTACGCGAACTAACGTTACTGCCGCTCAATATTAAACATATGTCGGTAAAGGTATTTTTGCAGACAGGCGCTCCGCGCAGCGCGGCACTGATTATTGCTCCTTATACCATGCCGTTACCGCTCTTTTCACCACCGCTGATCTA",
                "TGCCGTACTTGCACTACTTGCCGCCGTAGAGGCTACCGTTGCAGAGGATGATGAAGATTGTGCCGATTTATCCGCTGCTGTTGCTGAGTCCGCCGCTTTTAATGCAGAACTGGCAGAACTTGCTGCCGCATTAGTAGCTGTTATTGCTGCATTACTAGCAGTCGTAGCTGCAGTGGATGCTACAGTTGCTGACGAATCGGCTTTTGTTGCTGAAGAACC",
                "TGGGACTGGGGCATCTTCATTGGTAGCTTCGTTCCGCCGCTGGTGATTGGTGTAGCGTTCGGTAACCTGTTGCAGGGCGTACCGTTCAACGTTGATGAATATCTGCGTCTGTACTACACCGGTAACTTCTTCCAGCTGCTTAACCCGTTCGGCCTGCTGGCAGGCGTGGTGAGCGTAGGGATGATCATTACTCAGGGCGCAACCTATCTGCAAATG",
                "TGGGATTTTATCAGCAACGTCAATAGCATAACCCGCAATGCGACGCTCTATGACGCGTTGAAAGCGATGAAGTTCGCCGATTTCGCCGTCTGGTCAGAGGCGCGTTTTAGCGGGATGGTCAAAACGGCGCTGACGCTGGCAGTAACGACCACCTTAAAGGAATTAACGCCGTGAAAATTGAATTAACGGTGAATGGTCTGAAGGTACA",
                "TGGGGCGGTTTTGTGCTGGTGGCGCGGGTGTACAAACATATGGCGACCCTGCGTGAAACCGAAGACAAGCTGTACACGGATTTTCAAACCGTACTCGAAGGGCGCAAAGAGCTGACTCTGAACCGGGAACGCGCCGAGTATGTGTTTAACAACCTCTACATTCCTGATGCGCAAGAGTATCGCCATCATATTATTCGCGCAGACA",
                "TGTGCCTTCGGGAACCGTGAGACAGGTGCTGCATGGCTGTCGTCAGCTCGTGTTGTGAAATGTTGGGTTAAGTCCCGCAACGAGCGCAACCCTTATCCTTTGTTGCCAGCGGTCCGGCCGGGAACTCAAAGGAGACTGCCAGTGATAAACTGGAGGAAGGTGGGGATGACGTCAAGTCATCATGGCCCTTACGACCAGGGCTACACACGTGCTACAATG",
                "TGTTCGGCATGTTGGCAGCGAATCGGCGTTGGCGCGGCAACACCAAATGCCAGACGTAATTCGCTGAAATTGCCGTTATCCAGTCGGCAATGTGCGGCGCAGCCAATCGTTGAAATATCCATTGCGTCGCGCATGGCATATTTAAAATGCGCGCTGCCCGCGTGTTCTTTCGGCTGGGGCGGAAAATGAAAGGCGACAAGGATTTCGTCAT",
                "TGTTGTGGAGCCTGAACCCGTTGTAGAAGAGACAAAACCCGCGCGTCCGCCGCTTTACTACTTTGAAGAAGTGGAAGAGAAGCGAGCCCGTGAACGTGAACAACTTGCGGCCTGGTATCAACCGATTCCAGAACCGGTTAAAGAACCAGAACCGATCAAATCTTCGCTGAAAGCACCTTCTGTTGCAGCAGTACCTCCAGTA",
                "TTGCATCAGTAGCAGCAAAATGCGTCGTAAGGCATCGCGATCGCCGCGGCGCATATCGTGTGCTTTCAGATGATTGTTAATCAGCAGTTGCAGACCTTTACGCTTGATGGCAGGCAACACTGAAGGCACAACTTCATCAATCAAATCCTGCACAGAGAACAGCACCGTCTCACTTTTCCAGCTATCGTCCGCAAGCATGTTCGCTAACTGTATTTC",
                "TTGTTCTTTTAGCTCTTTTTCTTGACGTTTAATATAAGAAGCCGCTAATTTCTGAACGGAACTACGAGTATCTTCTTGTGCTAATGGTAACATTTCCAAAGCTTGTTCCGTTTCAAAAAGCGCCTTAATATCGGCTACCTTTAACTTAGTGAATGTTTCCTTATCCATTATGTGTATCCTCACCATCTTCTGGATAATAAGGCTCTTCATTAACTTGG",
                "TTTATAAAGAATATGGTGTTAACCCATATGCGACAATGCTTCCATTGGTTGTGCAATTGCCAATTTTGATGGCTTTGTACCAAGCATTGACTCGTGTTGCTTTCTTGAAAACAGGAACTTTCTTGTGGATTGAATTGTCGCAACCAGATCCATATTATATCTTGCCTGTTTTGGCAGCTCTATTTACATTCCTTTCAACTTGGTTGACTAATA",
                "TTTGGTGCCTCAAATGTCGCCACTTCATTTCCAATTATTGGAACCAGTTCTTAAGTCTGAAGGCTATGACTTTGATATGTTGCCAGCCCCAACTCGGGATGATGTAGAAACCGGTTTAAAATATATCAATAATGATGCTTGTTATCCTGCTATCATCGTTGTAGGGCAATTGATGAGTGCCTTGTTATCCGGTAAGTACGATGTTAATA",
                "TTTTGATTATTAATCAAAAACATTAATTTCACCTGATCCATTTCACACTTTTAAATTCAGGTCGGAATCGTCACCTTTTTTTACTCTTTTCTCGCCTTGTTGATATTCCCGTTCACGGCAGAATTAATCAGGTCATTGCAATAAAACTAAAAATTGCTCCCTATTCACGAGGAATATCTATGACCTCTACACCGATTACTACCGCTGATATC"
            ],
            [
                "versions.yml:md5,00f5aa7d07076e1bf6d835ddbc134cc5",
                "versions.yml:md5,808b3d8b964d69815c14800b995e9d0f"
            ]
        ],
        "meta": {
            "nf-test": "0.9.2",
            "nextflow": "24.10.4"
        },
        "timestamp": "2025-05-29T15:30:31.777407819"
    },
    "paired-end mini sample with no merges, output should match snapshot": {
        "content": [
            [
                "+",
                "@ERR10889188.30/1 merged_125_36",
                "BBBBBGGGGGEGGGGGGGGGGGGGGGGGGGGGGGGGGGGGGDGGGGGGGGG>@GGCFGBGGDGGGCFGGGGCE0CCFFGGGGGGGCGGGGGGGFGGGGGGDGCDGCGEGGGGGGGGGGGGGGEEGGGFGGGGGGGGGGGGGGGGGGGGGBFGGEFGBBBCB",
                "CACTTTTTCCATTACCGGCCAGTCGATGAGATCATCGCCGACATAAGCCACATTTTCCGGGGCAATCGCCAGTTTTTCCAGCAAATCGCTAAAGGCGATCAGTTTGTTTGACTGCCCCTGATACAAGTGAGTGATCCCCAATGTGGCACAACGATCTTCTA"
            ],
            [
                "versions.yml:md5,00f5aa7d07076e1bf6d835ddbc134cc5",
                "versions.yml:md5,808b3d8b964d69815c14800b995e9d0f"
            ]
        ],
        "meta": {
            "nf-test": "0.9.2",
            "nextflow": "24.10.4"
        },
        "timestamp": "2025-05-29T16:27:14.891438052"
    }
}