{
    "unbalanced (2>1) synthetic sample should match snapshot": {
        "content": [
            {
                "0": [
                    [
                        {
                            "id": "test"
                        },
                        [
                            "synthetic_test_ub2_1_renamed.fq.gz:md5,1df5a8a41907b5e09ddf9d075b965a0f",
                            "synthetic_test_ub2_2_renamed.fq.gz:md5,1f41a3256abd4e5571bf8249342a1167"
                        ]
                    ]
                ],
                "1": [
                    "versions.yml:md5,ee72c9395597d6890ccc37b29af648d2"
                ],
                "reads": [
                    [
                        {
                            "id": "test"
                        },
                        [
                            "synthetic_test_ub2_1_renamed.fq.gz:md5,1df5a8a41907b5e09ddf9d075b965a0f",
                            "synthetic_test_ub2_2_renamed.fq.gz:md5,1f41a3256abd4e5571bf8249342a1167"
                        ]
                    ]
                ],
                "versions": [
                    "versions.yml:md5,ee72c9395597d6890ccc37b29af648d2"
                ]
            }
        ],
        "meta": {
            "nf-test": "0.9.2",
            "nextflow": "24.10.2"
        },
        "timestamp": "2025-05-20T10:46:07.622798241"
    },
    "mini sample should match snapshot": {
        "content": [
            {
                "0": [
                    [
                        {
                            "id": "test"
                        },
                        [
                            "ERR10889147_mini_1_renamed.fq.gz:md5,428efc43309474dad52a9bef226746a3",
                            "ERR10889147_mini_2_renamed.fq.gz:md5,78a51b1e1e7fc754cf95406e226dec87"
                        ]
                    ]
                ],
                "1": [
                    "versions.yml:md5,ee72c9395597d6890ccc37b29af648d2"
                ],
                "reads": [
                    [
                        {
                            "id": "test"
                        },
                        [
                            "ERR10889147_mini_1_renamed.fq.gz:md5,428efc43309474dad52a9bef226746a3",
                            "ERR10889147_mini_2_renamed.fq.gz:md5,78a51b1e1e7fc754cf95406e226dec87"
                        ]
                    ]
                ],
                "versions": [
                    "versions.yml:md5,ee72c9395597d6890ccc37b29af648d2"
                ]
            }
        ],
        "meta": {
            "nf-test": "0.9.2",
            "nextflow": "24.10.2"
        },
        "timestamp": "2025-05-20T10:21:18.735445608"
    },
    "unbalanced (1>2) synthetic sample should match snapshot": {
        "content": [
            {
                "0": [
                    [
                        {
                            "id": "test"
                        },
                        [
                            "synthetic_test_ub1_1_renamed.fq.gz:md5,db846a2b67a2a74a4c029f88c5d579ac",
                            "synthetic_test_ub1_2_renamed.fq.gz:md5,5032b40f81fd292faa7890c12778896f"
                        ]
                    ]
                ],
                "1": [
                    "versions.yml:md5,ee72c9395597d6890ccc37b29af648d2"
                ],
                "reads": [
                    [
                        {
                            "id": "test"
                        },
                        [
                            "synthetic_test_ub1_1_renamed.fq.gz:md5,db846a2b67a2a74a4c029f88c5d579ac",
                            "synthetic_test_ub1_2_renamed.fq.gz:md5,5032b40f81fd292faa7890c12778896f"
                        ]
                    ]
                ],
                "versions": [
                    "versions.yml:md5,ee72c9395597d6890ccc37b29af648d2"
                ]
            }
        ],
        "meta": {
            "nf-test": "0.9.2",
            "nextflow": "24.10.2"
        },
        "timestamp": "2025-05-20T10:45:40.388625138"
    },
    "mismatching names sythethic sample should match snapshot": {
        "content": [
            {
                "0": [
                    [
                        {
                            "id": "test"
                        },
                        [
                            "synthetic_test_mm_1_renamed.fq.gz:md5,428efc43309474dad52a9bef226746a3",
                            "synthetic_test_mm_2_renamed.fq.gz:md5,fb308932d4346e4f607f553c6fafa732"
                        ]
                    ]
                ],
                "1": [
                    "versions.yml:md5,ee72c9395597d6890ccc37b29af648d2"
                ],
                "reads": [
                    [
                        {
                            "id": "test"
                        },
                        [
                            "synthetic_test_mm_1_renamed.fq.gz:md5,428efc43309474dad52a9bef226746a3",
                            "synthetic_test_mm_2_renamed.fq.gz:md5,fb308932d4346e4f607f553c6fafa732"
                        ]
                    ]
                ],
                "versions": [
                    "versions.yml:md5,ee72c9395597d6890ccc37b29af648d2"
                ]
            }
        ],
        "meta": {
            "nf-test": "0.9.2",
            "nextflow": "24.10.2"
        },
        "timestamp": "2025-05-20T10:46:41.171993024"
    },
    "mini sample fasta should match snapshot": {
        "content": [
            {
                "0": [
                    [
                        {
                            "id": "test"
                        },
                        [
                            "ERR10889147_mini_1_renamed.fa.gz:md5,7086c051b71f335e9df64a33d6aad697",
                            "ERR10889147_mini_2_renamed.fa.gz:md5,492a1401a7379cc63b4133dcef60c971"
                        ]
                    ]
                ],
                "1": [
                    "versions.yml:md5,ee72c9395597d6890ccc37b29af648d2"
                ],
                "reads": [
                    [
                        {
                            "id": "test"
                        },
                        [
                            "ERR10889147_mini_1_renamed.fa.gz:md5,7086c051b71f335e9df64a33d6aad697",
                            "ERR10889147_mini_2_renamed.fa.gz:md5,492a1401a7379cc63b4133dcef60c971"
                        ]
                    ]
                ],
                "versions": [
                    "versions.yml:md5,ee72c9395597d6890ccc37b29af648d2"
                ]
            }
        ],
        "meta": {
            "nf-test": "0.9.2",
            "nextflow": "24.10.2"
        },
        "timestamp": "2025-05-20T10:45:02.50036334"
    }
}