{
    "Should run without failures": {
        "content": [
            [
                [
                    "\"PIPELINE:RRNA_EXTRACTION:INFERNAL_CMSEARCH\":",
                    "    cmsearch: 1.1.5"
                ],
                [
                    "\"PIPELINE:MAPSEQ_OTU_KRONA:MAPSEQ\":",
                    "    mapseq: 2.1.1b"
                ],
                [
                    "\"PIPELINE:MAPSEQ_OTU_KRONA:KRONA_KTIMPORTTEXT\":",
                    "    krona: 2.8.1 "
                ],
                [
                    "\"PIPELINE:RRNA_EXTRACTION:EXTRACTCOORDS\":",
                    "    mgnify-pipelines-toolkit: 1.0.4"
                ],
                [
                    "\"PIPELINE:MOTUS_KRONA:MOTUS_PROFILE\":",
                    "    motus: 2.6.0"
                ],
                [
                    "\"PIPELINE:MOTUS_KRONA:MOTUS2KRONA\":",
                    "    python: 3.11.8"
                ],
                [
                    "\"PIPELINE:DECONTAM_SHORTREAD:DECONTAM_PHIX\":",
                    "    bwamem2: 2.2.1",
                    "    samtools: 1.19.2 "
                ],
                [
                    "\"PIPELINE:QC:FASTP\":",
                    "    fastp: 0.24.0"
                ],
                [
                    "\"PIPELINE:RRNA_EXTRACTION:EASEL_ESLSFETCH\":",
                    "    easel: 0.49"
                ],
                [
                    "\"PIPELINE:DECONTAM_SHORTREAD:DECONTAM_HOST\":",
                    "    bwamem2: 2.2.1",
                    "    samtools: 1.19.2 "
                ],
                [
                    "\"PIPELINE:RRNA_EXTRACTION:CMSEARCHTBLOUTDEOVERLAP\":",
                    "    cmsearch_tblout_deoverlap: v0.09"
                ],
                [
                    "\"PIPELINE:MAPSEQ_OTU_KRONA:MAPSEQ2BIOM\":",
                    "    mapseq2biom: 0.1.1"
                ],
                [
                    "\"PIPELINE:MOTUS_KRONA:KRONA_KTIMPORTTEXT\":",
                    "    krona: 2.8.1 "
                ]
            ],
            [
                
            ],
            [
                [
                    {
                        "id": "test_sample",
                        "single_end": false,
                        "interleaved": false,
                        "instrument_platform": "ILLUMINA",
                        "short_reads": true,
                        "read_count": 20000,
                        "qc_read_count": 19884,
                        "reads_n": 2,
                        "clean_read_count": 19882,
                        "merged_read_count": 19626
                    },
                    "test_sample_krona.tsv.gz:md5,200e14493ea87181d9f3a01728ab812a"
                ]
            ],
            [
                [
                    {
                        "id": "test_sample",
                        "single_end": false,
                        "interleaved": false,
                        "instrument_platform": "ILLUMINA",
                        "short_reads": true,
                        "read_count": 20000,
                        "qc_read_count": 19884,
                        "reads_n": 2,
                        "clean_read_count": 19882,
                        "merged_read_count": 19626,
                        "db_label": "SILVA-LSU"
                    },
                    "test_sample.txt.gz:md5,2186a26a1be44ca50d855c21c138a1ab"
                ],
                [
                    {
                        "id": "test_sample",
                        "single_end": false,
                        "interleaved": false,
                        "instrument_platform": "ILLUMINA",
                        "short_reads": true,
                        "read_count": 20000,
                        "qc_read_count": 19884,
                        "reads_n": 2,
                        "clean_read_count": 19882,
                        "merged_read_count": 19626,
                        "db_label": "SILVA-SSU"
                    },
                    "test_sample.txt.gz:md5,4db0cc9f568584cf7300a217639da805"
                ]
            ]
        ],
        "meta": {
            "nf-test": "0.9.2",
            "nextflow": "25.04.6"
        },
        "timestamp": "2025-11-05T09:47:58.677080067"
    }
}